Archive member included because of file (symbol)

c:/program files (x86)/gnu tools arm embedded/4.7 2013q2/bin/../lib/gcc/arm-none-eabi/4.7.4/armv7-m\libgcc.a(_arm_muldivdf3.o)
                              ..\obj\GM862.o (__aeabi_dmul)
c:/program files (x86)/gnu tools arm embedded/4.7 2013q2/bin/../lib/gcc/arm-none-eabi/4.7.4/armv7-m\libgcc.a(_arm_fixunsdfsi.o)
                              ..\obj\GM862.o (__aeabi_d2uiz)
c:/program files (x86)/gnu tools arm embedded/4.7 2013q2/bin/../lib/gcc/arm-none-eabi/4.7.4/../../../../arm-none-eabi/lib/armv7-m\libg.a(lib_a-memcpy.o)
                              ..\obj\SensorDataManager.o (memcpy)
c:/program files (x86)/gnu tools arm embedded/4.7 2013q2/bin/../lib/gcc/arm-none-eabi/4.7.4/../../../../arm-none-eabi/lib/armv7-m\libg.a(lib_a-mktime.o)
                              ..\obj\Misc.o (mktime)
c:/program files (x86)/gnu tools arm embedded/4.7 2013q2/bin/../lib/gcc/arm-none-eabi/4.7.4/../../../../arm-none-eabi/lib/armv7-m\libg.a(lib_a-mktm_r.o)
                              c:/program files (x86)/gnu tools arm embedded/4.7 2013q2/bin/../lib/gcc/arm-none-eabi/4.7.4/../../../../arm-none-eabi/lib/armv7-m\libg.a(lib_a-mktime.o) (__tzcalc_limits)
c:/program files (x86)/gnu tools arm embedded/4.7 2013q2/bin/../lib/gcc/arm-none-eabi/4.7.4/../../../../arm-none-eabi/lib/armv7-m\libg.a(lib_a-sprintf.o)
                              ..\obj\Debug.o (sprintf)
c:/program files (x86)/gnu tools arm embedded/4.7 2013q2/bin/../lib/gcc/arm-none-eabi/4.7.4/../../../../arm-none-eabi/lib/armv7-m\libg.a(lib_a-strlen.o)
                              ..\obj\Debug.o (strlen)
c:/program files (x86)/gnu tools arm embedded/4.7 2013q2/bin/../lib/gcc/arm-none-eabi/4.7.4/../../../../arm-none-eabi/lib/armv7-m\libg.a(lib_a-svfprintf.o)
                              c:/program files (x86)/gnu tools arm embedded/4.7 2013q2/bin/../lib/gcc/arm-none-eabi/4.7.4/../../../../arm-none-eabi/lib/armv7-m\libg.a(lib_a-sprintf.o) (_svfprintf_r)
c:/program files (x86)/gnu tools arm embedded/4.7 2013q2/bin/../lib/gcc/arm-none-eabi/4.7.4/../../../../arm-none-eabi/lib/armv7-m\libg.a(lib_a-tzlock.o)
                              c:/program files (x86)/gnu tools arm embedded/4.7 2013q2/bin/../lib/gcc/arm-none-eabi/4.7.4/../../../../arm-none-eabi/lib/armv7-m\libg.a(lib_a-mktm_r.o) (__tz_lock)
c:/program files (x86)/gnu tools arm embedded/4.7 2013q2/bin/../lib/gcc/arm-none-eabi/4.7.4/../../../../arm-none-eabi/lib/armv7-m\libg.a(lib_a-tzvars.o)
                              c:/program files (x86)/gnu tools arm embedded/4.7 2013q2/bin/../lib/gcc/arm-none-eabi/4.7.4/../../../../arm-none-eabi/lib/armv7-m\libg.a(lib_a-mktime.o) (_daylight)
c:/program files (x86)/gnu tools arm embedded/4.7 2013q2/bin/../lib/gcc/arm-none-eabi/4.7.4/../../../../arm-none-eabi/lib/armv7-m\libg.a(lib_a-vsprintf.o)
                              ..\obj\GM862.o (vsprintf)
c:/program files (x86)/gnu tools arm embedded/4.7 2013q2/bin/../lib/gcc/arm-none-eabi/4.7.4/../../../../arm-none-eabi/lib/armv7-m\libg.a(lib_a-vsscanf.o)
                              ..\obj\GM862.o (vsscanf)
c:/program files (x86)/gnu tools arm embedded/4.7 2013q2/bin/../lib/gcc/arm-none-eabi/4.7.4/../../../../arm-none-eabi/lib/armv7-m\libg.a(lib_a-div.o)
                              c:/program files (x86)/gnu tools arm embedded/4.7 2013q2/bin/../lib/gcc/arm-none-eabi/4.7.4/../../../../arm-none-eabi/lib/armv7-m\libg.a(lib_a-mktime.o) (div)
c:/program files (x86)/gnu tools arm embedded/4.7 2013q2/bin/../lib/gcc/arm-none-eabi/4.7.4/../../../../arm-none-eabi/lib/armv7-m\libg.a(lib_a-dtoa.o)
                              c:/program files (x86)/gnu tools arm embedded/4.7 2013q2/bin/../lib/gcc/arm-none-eabi/4.7.4/../../../../arm-none-eabi/lib/armv7-m\libg.a(lib_a-svfprintf.o) (_dtoa_r)
c:/program files (x86)/gnu tools arm embedded/4.7 2013q2/bin/../lib/gcc/arm-none-eabi/4.7.4/../../../../arm-none-eabi/lib/armv7-m\libg.a(lib_a-gettzinfo.o)
                              c:/program files (x86)/gnu tools arm embedded/4.7 2013q2/bin/../lib/gcc/arm-none-eabi/4.7.4/../../../../arm-none-eabi/lib/armv7-m\libg.a(lib_a-mktime.o) (__gettzinfo)
c:/program files (x86)/gnu tools arm embedded/4.7 2013q2/bin/../lib/gcc/arm-none-eabi/4.7.4/../../../../arm-none-eabi/lib/armv7-m\libg.a(lib_a-impure.o)
                              c:/program files (x86)/gnu tools arm embedded/4.7 2013q2/bin/../lib/gcc/arm-none-eabi/4.7.4/../../../../arm-none-eabi/lib/armv7-m\libg.a(lib_a-sprintf.o) (_impure_ptr)
c:/program files (x86)/gnu tools arm embedded/4.7 2013q2/bin/../lib/gcc/arm-none-eabi/4.7.4/../../../../arm-none-eabi/lib/armv7-m\libg.a(lib_a-locale.o)
                              c:/program files (x86)/gnu tools arm embedded/4.7 2013q2/bin/../lib/gcc/arm-none-eabi/4.7.4/../../../../arm-none-eabi/lib/armv7-m\libg.a(lib_a-svfprintf.o) (_localeconv_r)
c:/program files (x86)/gnu tools arm embedded/4.7 2013q2/bin/../lib/gcc/arm-none-eabi/4.7.4/../../../../arm-none-eabi/lib/armv7-m\libg.a(lib_a-mallocr.o)
[...]
Memory Configuration

Name             Origin             Length             Attributes
rom              0x00000000         0x00080000         xr
ram              0x10000000         0x00008000         xrw
ram1             0x2007c000         0x00008000         xrw
*default*        0x00000000         0xffffffff

Linker script and memory map

                0x10008000                _eram = 0x10008000

.text           0x00000000    0x1045c
 *(.isr_vector .isr_vector.*)
 .isr_vector    0x00000000       0xcc ..\obj\startup_LPC17xx.o
                0x00000000                g_pfnVectors
 *(.text .text.* .gnu.linkonce.t.*)
 .text.can_SetBaudrate
                0x000000cc      0x120 ..\obj\lpc17xx_can.o
 .text.CAN_Init
                0x000001ec      0x144 ..\obj\lpc17xx_can.o
                0x000001ec                CAN_Init
 .text.CAN_ReceiveMsg
                0x00000330      0x11c ..\obj\lpc17xx_can.o
                0x00000330                CAN_ReceiveMsg
 .text.CAN_IRQCmd
                0x0000044c      0x150 ..\obj\lpc17xx_can.o
                0x0000044c                CAN_IRQCmd
 .text.CAN_SetAFMode
                0x0000059c       0xa0 ..\obj\lpc17xx_can.o
                0x0000059c                CAN_SetAFMode
 .text.CAN_ModeConfig
                0x0000063c      0x1f8 ..\obj\lpc17xx_can.o
                0x0000063c                CAN_ModeConfig
 .text.CAN_IntGetStatus
                0x00000834       0x44 ..\obj\lpc17xx_can.o
                0x00000834                CAN_IntGetStatus
 .text.CoCreateKheap
                0x00000878       0x74 ..\obj\kernelHeap.o
                0x00000878                CoCreateKheap
 .text.SensorDataManager_Init
                0x000008ec       0x50 ..\obj\SensorDataManager.o
                0x000008ec                SensorDataManager_Init
 .text.SensorDataManager_PutCanData
                0x0000093c      0x498 ..\obj\SensorDataManager.o
                0x0000093c                SensorDataManager_PutCanData
 .text.SensorDataManager_GetTables
                0x00000dd4      0x1e0 ..\obj\SensorDataManager.o
                0x00000dd4                SensorDataManager_GetTables
 .text.OsSchedUnlock
                0x00000fb4       0x68 ..\obj\core.o
                0x00000fb4                OsSchedUnlock
 .text.CoInitOS
                0x0000101c       0xa4 ..\obj\core.o
                0x0000101c                CoInitOS
 .text.CoStartOS
                0x000010c0       0x50 ..\obj\core.o
                0x000010c0                CoStartOS
 .text.Debug_Init
                0x00001110       0xa8 ..\obj\Debug.o
                0x00001110                Debug_Init
 .text.Debug_Send
                0x000011b8       0xbc ..\obj\Debug.o
                0x000011b8                Debug_Send
 .text.InsertTmrList
                0x00001274      0x2c8 ..\obj\timer.o
 .text.RemoveTmrList
                0x0000153c      0x100 ..\obj\timer.o
 .text.TmrDispose
                0x0000163c       0x84 ..\obj\timer.o
                0x0000163c                TmrDispose
 .text.isr_TmrDispose
                0x000016c0       0x38 ..\obj\timer.o
                0x000016c0                isr_TmrDispose
 .text.NVIC_EnableIRQ
                0x000016f8       0x38 ..\obj\CanTask.o
 .text.CanTask_Run
                0x00001730       0x78 ..\obj\CanTask.o
                0x00001730                CanTask_Run
 .text.CanTask_CanInit
                0x000017a8       0x98 ..\obj\CanTask.o
                0x000017a8                CanTask_CanInit
 .text.CanTask_CanReceive
                0x00001840       0xd8 ..\obj\CanTask.o
                0x00001840                CanTask_CanReceive
 .text.CAN_IRQHandler
                0x00001918       0xbc ..\obj\CanTask.o
                0x00001918                CAN_IRQHandler
 .text.CLKPWR_SetPCLKDiv
                0x000019d4       0xc4 ..\obj\lpc17xx_clkpwr.o
                0x000019d4                CLKPWR_SetPCLKDiv
 .text.CLKPWR_GetPCLKSEL
                0x00001a98       0x54 ..\obj\lpc17xx_clkpwr.o
                0x00001a98                CLKPWR_GetPCLKSEL
 .text.CLKPWR_GetPCLK
                0x00001aec       0x70 ..\obj\lpc17xx_clkpwr.o
                0x00001aec                CLKPWR_GetPCLK
 .text.CLKPWR_ConfigPPWR
                0x00001b5c       0x74 ..\obj\lpc17xx_clkpwr.o
                0x00001b5c                CLKPWR_ConfigPPWR
 .text.SystemInit
                0x00001bd0      0x23c ..\obj\system_LPC17xx.o
                0x00001bd0                SystemInit
 .text.uart_set_divisors
                0x00001e0c      0x264 ..\obj\lpc17xx_uart.o
 .text.UART_Init
                0x00002070      0x364 ..\obj\lpc17xx_uart.o
                0x00002070                UART_Init
 .text.UART_ConfigStructInit
                0x000023d4       0x34 ..\obj\lpc17xx_uart.o
                0x000023d4                UART_ConfigStructInit
 .text.UART_SendByte
                0x00002408       0x78 ..\obj\lpc17xx_uart.o
                0x00002408                UART_SendByte
 .text.UART_ReceiveByte
                0x00002480       0x78 ..\obj\lpc17xx_uart.o
                0x00002480                UART_ReceiveByte
 .text.UART_Send
                0x000024f8      0x10c ..\obj\lpc17xx_uart.o
                0x000024f8                UART_Send
 .text.UART_Receive
                0x00002604       0xd8 ..\obj\lpc17xx_uart.o
                0x00002604                UART_Receive
 .text.UART_IntConfig
                0x000026dc      0x1c0 ..\obj\lpc17xx_uart.o
                0x000026dc                UART_IntConfig
 .text.UART_GetIntId
                0x0000289c       0x64 ..\obj\lpc17xx_uart.o
                0x0000289c                UART_GetIntId
 .text.UART_FIFOConfig
                0x00002900      0x184 ..\obj\lpc17xx_uart.o
                0x00002900                UART_FIFOConfig
 .text.UART_FIFOConfigStructInit
                0x00002a84       0x34 ..\obj\lpc17xx_uart.o
                0x00002a84                UART_FIFOConfigStructInit
 .text.UART_TxCmd
                0x00002ab8       0xe8 ..\obj\lpc17xx_uart.o
                0x00002ab8                UART_TxCmd
 .text.CreateTCBList
                0x00002ba0       0x7c ..\obj\task.o
                0x00002ba0                CreateTCBList
 .text.InsertToTCBRdyList
                0x00002c1c      0x130 ..\obj\task.o
                0x00002c1c                InsertToTCBRdyList
 .text.RemoveFromTCBRdyList
                0x00002d4c       0xa4 ..\obj\task.o
                0x00002d4c                RemoveFromTCBRdyList
 .text.CoSetPriority
                0x00002df0      0x214 ..\obj\task.o
                0x00002df0                CoSetPriority
 .text.Schedule
                0x00003004      0x194 ..\obj\task.o
                0x00003004                Schedule
 .text.AssignTCB
                0x00003198       0x6c ..\obj\task.o
 .text.CreateTask
                0x00003204      0x158 ..\obj\task.o
                0x00003204                CreateTask
 .text.RespondSRQ
                0x0000335c      0x15c ..\obj\serviceReq.o
                0x0000335c                RespondSRQ
 .text.main     0x000034b8       0xf0 ..\obj\main.o
                0x000034b8                main
 .text.GPIO_GetPointer
                0x000035a8       0x7c ..\obj\lpc17xx_gpio.o
 .text.GPIO_SetDir
                0x00003624       0x4c ..\obj\lpc17xx_gpio.o
                0x00003624                GPIO_SetDir
 .text.GPIO_SetValue
                0x00003670       0x2c ..\obj\lpc17xx_gpio.o
                0x00003670                GPIO_SetValue
 .text.GPIO_ClearValue
                0x0000369c       0x2c ..\obj\lpc17xx_gpio.o
                0x0000369c                GPIO_ClearValue
 .text.GPIO_ReadValue
                0x000036c8       0x30 ..\obj\lpc17xx_gpio.o
                0x000036c8                GPIO_ReadValue
 .text.CoPostMail
                0x000036f8       0x90 ..\obj\mbox.o
                0x000036f8                CoPostMail
 .text.Default_Reset_Handler
                0x00003788       0x70 ..\obj\startup_LPC17xx.o
                0x00003788                Default_Reset_Handler
                0x00003788                Reset_Handler
 .text.Default_Handler
                0x000037f8        0x8 ..\obj\startup_LPC17xx.o
                0x000037f8                TIMER2_IRQHandler
                0x000037f8                DebugMon_Handler
                0x000037f8                RIT_IRQHandler
                0x000037f8                I2C0_IRQHandler
                0x000037f8                HardFault_Handler
                0x000037f8                USBActivity_IRQHandler
                0x000037f8                PWM1_IRQHandler
                0x000037f8                NMI_Handler
                0x000037f8                I2C1_IRQHandler
                0x000037f8                EINT2_IRQHandler
                0x000037f8                EINT3_IRQHandler
                0x000037f8                CANActivity_IRQHandler
                0x000037f8                TIMER3_IRQHandler
                0x000037f8                UART0_IRQHandler
                0x000037f8                UsageFault_Handler
                0x000037f8                PLL0_IRQHandler
                0x000037f8                PLL1_IRQHandler
                0x000037f8                SSP0_IRQHandler
                0x000037f8                I2S_IRQHandler
                0x000037f8                I2C2_IRQHandler
                0x000037f8                RTC_IRQHandler
                0x000037f8                TIMER0_IRQHandler
                0x000037f8                SPI_IRQHandler
                0x000037f8                EINT1_IRQHandler
                0x000037f8                TIMER1_IRQHandler
                0x000037f8                UART2_IRQHandler
                0x000037f8                ADC_IRQHandler
                0x000037f8                SSP1_IRQHandler
                0x000037f8                USB_IRQHandler
                0x000037f8                BOD_IRQHandler
                0x000037f8                MemManage_Handler
                0x000037f8                WDT_IRQHandler
                0x000037f8                SVC_Handler
                0x000037f8                QEI_IRQHandler
                0x000037f8                EINT0_IRQHandler
                0x000037f8                DMA_IRQHandler
                0x000037f8                BusFault_Handler
                0x000037f8                UART3_IRQHandler
                0x000037f8                MCPWM_IRQHandler
                0x000037f8                ENET_IRQHandler
 .text.check_failed
                0x00003800        0xc ..\obj\lpc17xx_libcfg_default.o
                0x00003800                check_failed
 .text.InsertDelayList
                0x0000380c      0x118 ..\obj\time.o
                0x0000380c                InsertDelayList
 .text.RemoveDelayList
                0x00003924       0xc8 ..\obj\time.o
                0x00003924                RemoveDelayList
 .text.CoTickDelay
                0x000039ec       0x90 ..\obj\time.o
                0x000039ec                CoTickDelay
 .text.CoTimeDelay
                0x00003a7c       0xb8 ..\obj\time.o
                0x00003a7c                CoTimeDelay
 .text.TimeDispose
                0x00003b34       0x88 ..\obj\time.o
                0x00003b34                TimeDispose
 .text.isr_TimeDispose
                0x00003bbc       0x38 ..\obj\time.o
                0x00003bbc                isr_TimeDispose
 .text.CreateEventList
                0x00003bf4       0x90 ..\obj\event.o
                0x00003bf4                CreateEventList
 .text.EventTaskToWait
                0x00003c84      0x114 ..\obj\event.o
                0x00003c84                EventTaskToWait
 .text.EventTaskToRdy
                0x00003d98      0x128 ..\obj\event.o
                0x00003d98                EventTaskToRdy
 .text.RemoveEventWaittingList
                0x00003ec0       0xac ..\obj\event.o
                0x00003ec0                RemoveEventWaittingList
 .text.set_PinFunc
                0x00003f6c       0x9c ..\obj\lpc17xx_pinsel.o
 .text.set_ResistorMode
                0x00004008       0x9c ..\obj\lpc17xx_pinsel.o
 .text.set_OpenDrainMode
                0x000040a4       0x7c ..\obj\lpc17xx_pinsel.o
 .text.PINSEL_ConfigPin
                0x00004120       0x54 ..\obj\lpc17xx_pinsel.o
                0x00004120                PINSEL_ConfigPin
 .text._sbrk    0x00004174       0x5c ..\obj\syscalls.o
                0x00004174                _sbrk
 .text.CalculateCrc16
                0x000041d0       0xb4 ..\obj\Misc.o
                0x000041d0                CalculateCrc16
 .text.ConvertRtcToUnixTime
                0x00004284       0x6c ..\obj\Misc.o
                0x00004284                ConvertRtcToUnixTime
 .text.CoPostQueueMail
                0x000042f0       0xcc ..\obj\queue.o
                0x000042f0                CoPostQueueMail
 .text.IRQ_ENABLE_RESTORE
                0x000043bc       0x10 ..\obj\port.o
                0x000043bc                IRQ_ENABLE_RESTORE
 .text.IRQ_DISABLE_SAVE
                0x000043cc       0x10 ..\obj\port.o
                0x000043cc                IRQ_DISABLE_SAVE
 .text.SetEnvironment
                0x000043dc        0xc ..\obj\port.o
                0x000043dc                SetEnvironment
 .text.SwitchContext
                0x000043e8       0x14 ..\obj\port.o
                0x000043e8                SwitchContext
 .text.PendSV_Handler
                0x000043fc       0x3c ..\obj\port.o
                0x000043fc                PendSV_Handler
 .text.CoCreateMutex
                0x00004438       0xa4 ..\obj\mutex.o
                0x00004438                CoCreateMutex
 .text.CoEnterMutexSection
                0x000044dc      0x1b4 ..\obj\mutex.o
                0x000044dc                CoEnterMutexSection
 .text.CoLeaveMutexSection
                0x00004690      0x160 ..\obj\mutex.o
                0x00004690                CoLeaveMutexSection
 .text.CoSetFlag
                0x000047f0      0x118 ..\obj\flag.o
                0x000047f0                CoSetFlag
 .text.RemoveFromLink
                0x00004908       0x5c ..\obj\flag.o
 .text.RemoveLinkNode
                0x00004964       0xa4 ..\obj\flag.o
                0x00004964                RemoveLinkNode
 .text.RTC_Init
                0x00004a08       0x64 ..\obj\lpc17xx_rtc.o
                0x00004a08                RTC_Init
 .text.RTC_Cmd  0x00004a6c       0x78 ..\obj\lpc17xx_rtc.o
                0x00004a6c                RTC_Cmd
 .text.RTC_GetFullTime
                0x00004ae4       0xb4 ..\obj\lpc17xx_rtc.o
                0x00004ae4                RTC_GetFullTime
 .text.RTC_WriteGPREG
                0x00004b98       0x64 ..\obj\lpc17xx_rtc.o
                0x00004b98                RTC_WriteGPREG
 .text.RTC_ReadGPREG
                0x00004bfc       0x68 ..\obj\lpc17xx_rtc.o
                0x00004bfc                RTC_ReadGPREG
 .text.InitTaskContext
                0x00004c64       0x5c ..\obj\arch.o
                0x00004c64                InitTaskContext
 .text.SysTick_Handler
                0x00004cc0       0xe8 ..\obj\arch.o
                0x00004cc0                SysTick_Handler
 .text.TelemetryTask_Run
                0x00004da8      0x1b8 ..\obj\TelemetryTask.o
                0x00004da8                TelemetryTask_Run
 .text.TelemetryTask_SendSensorData
                0x00004f60      0x158 ..\obj\TelemetryTask.o
 .text.CoPostSem
                0x000050b8       0x90 ..\obj\sem.o
                0x000050b8                CoPostSem
 .text.CoIdleTask
                0x00005148        0xc ..\obj\hook.o
                0x00005148                CoIdleTask
 .text.CoStkOverflowHook
                0x00005154        0xc ..\obj\hook.o
                0x00005154                CoStkOverflowHook
 .text.NVIC_EnableIRQ
                0x00005160       0x38 ..\obj\GM862.o
 .text.GM862_Init
                0x00005198      0x2e0 ..\obj\GM862.o
                0x00005198                GM862_Init
 .text.GM862_Shutdown
                0x00005478       0x24 ..\obj\GM862.o
                0x00005478                GM862_Shutdown
 .text.GM862_GetNetworkRegistrationReport
                0x0000549c       0x40 ..\obj\GM862.o
                0x0000549c                GM862_GetNetworkRegistrationReport
 .text.GM862_SetNetworkRegistration
                0x000054dc       0x44 ..\obj\GM862.o
                0x000054dc                GM862_SetNetworkRegistration
 .text.GM862_SetGprs
                0x00005520       0x40 ..\obj\GM862.o
                0x00005520                GM862_SetGprs
 .text.GM862_GetGprs
                0x00005560       0x40 ..\obj\GM862.o
                0x00005560                GM862_GetGprs
 .text.GM862_OpenSocket
                0x000055a0       0x9c ..\obj\GM862.o
                0x000055a0                GM862_OpenSocket
 .text.GM862_SendThroughSocket
                0x0000563c       0xc0 ..\obj\GM862.o
                0x0000563c                GM862_SendThroughSocket
 .text.GM862_CloseSocket
                0x000056fc       0x28 ..\obj\GM862.o
                0x000056fc                GM862_CloseSocket
 *fill*         0x00005724        0x4 00
 .text.GM862_GpsGetPosition
                0x00005728      0x120 ..\obj\GM862.o
                0x00005728                GM862_GpsGetPosition
 .text.GM862_SendAtFormat
                0x00005848       0x38 ..\obj\GM862.o
 .text.GM862_SendAt
                0x00005880       0x44 ..\obj\GM862.o
 .text.GM862_GetResult
                0x000058c4       0x84 ..\obj\GM862.o
 .text.GM862_GetResponseFormat
                0x00005948       0x50 ..\obj\GM862.o
 .text.GM862_GetResponse
                0x00005998       0xb4 ..\obj\GM862.o
 .text.GM862_UART_SendByte
                0x00005a4c       0x30 ..\obj\GM862.o
 .text.GM862_UART_ReceiveByte
                0x00005a7c       0x5c ..\obj\GM862.o
 .text.GM862_UART_Send
                0x00005ad8       0x2c ..\obj\GM862.o
 .text.GM862_UART_Receive
                0x00005b04       0xe4 ..\obj\GM862.o
 .text.UART1_IRQHandler
                0x00005be8       0xc4 ..\obj\GM862.o
                0x00005be8                UART1_IRQHandler
 .text          0x00005cac      0x424 c:/program files (x86)/gnu tools arm embedded/4.7 2013q2/bin/../lib/gcc/arm-none-eabi/4.7.4/armv7-m\libgcc.a(_arm_muldivdf3.o)
                0x00005cac                __aeabi_dmul
                0x00005cac                __muldf3
                0x00005f00                __divdf3
                0x00005f00                __aeabi_ddiv
 .text          0x000060d0       0x40 c:/program files (x86)/gnu tools arm embedded/4.7 2013q2/bin/../lib/gcc/arm-none-eabi/4.7.4/armv7-m\libgcc.a(_arm_fixunsdfsi.o)
                0x000060d0                __aeabi_d2uiz
                0x000060d0                __fixunsdfsi
 .text.memcpy   0x00006110      0x15c c:/program files (x86)/gnu tools arm embedded/4.7 2013q2/bin/../lib/gcc/arm-none-eabi/4.7.4/../../../../arm-none-eabi/lib/armv7-m\libg.a(lib_a-memcpy.o)
                0x00006110                memcpy
 .text.validate_structure
                0x0000626c      0x20c c:/program files (x86)/gnu tools arm embedded/4.7 2013q2/bin/../lib/gcc/arm-none-eabi/4.7.4/../../../../arm-none-eabi/lib/armv7-m\libg.a(lib_a-mktime.o)
 .text.mktime   0x00006478      0x36c c:/program files (x86)/gnu tools arm embedded/4.7 2013q2/bin/../lib/gcc/arm-none-eabi/4.7.4/../../../../arm-none-eabi/lib/armv7-m\libg.a(lib_a-mktime.o)
                0x00006478                mktime
 .text.__tzcalc_limits
                0x000067e4      0x1ac c:/program files (x86)/gnu tools arm embedded/4.7 2013q2/bin/../lib/gcc/arm-none-eabi/4.7.4/../../../../arm-none-eabi/lib/armv7-m\libg.a(lib_a-mktm_r.o)
                0x000067e4                __tzcalc_limits
 .text.sprintf  0x00006990       0x50 c:/program files (x86)/gnu tools arm embedded/4.7 2013q2/bin/../lib/gcc/arm-none-eabi/4.7.4/../../../../arm-none-eabi/lib/armv7-m\libg.a(lib_a-sprintf.o)
                0x00006990                sprintf
 .text.strlen   0x000069e0       0x60 c:/program files (x86)/gnu tools arm embedded/4.7 2013q2/bin/../lib/gcc/arm-none-eabi/4.7.4/../../../../arm-none-eabi/lib/armv7-m\libg.a(lib_a-strlen.o)
                0x000069e0                strlen
 .text._svfprintf_r
                0x00006a40     0x1adc c:/program files (x86)/gnu tools arm embedded/4.7 2013q2/bin/../lib/gcc/arm-none-eabi/4.7.4/../../../../arm-none-eabi/lib/armv7-m\libg.a(lib_a-svfprintf.o)
                0x00006a40                _svfprintf_r
 .text._vsprintf_r
                0x0000851c       0x34 c:/program files (x86)/gnu tools arm embedded/4.7 2013q2/bin/../lib/gcc/arm-none-eabi/4.7.4/../../../../arm-none-eabi/lib/armv7-m\libg.a(lib_a-vsprintf.o)
                0x0000851c                _vsprintf_r
 .text.vsprintf
                0x00008550       0x1c c:/program files (x86)/gnu tools arm embedded/4.7 2013q2/bin/../lib/gcc/arm-none-eabi/4.7.4/../../../../arm-none-eabi/lib/armv7-m\libg.a(lib_a-vsprintf.o)
                0x00008550                vsprintf
 .text._vsscanf_r
                0x0000856c       0x50 c:/program files (x86)/gnu tools arm embedded/4.7 2013q2/bin/../lib/gcc/arm-none-eabi/4.7.4/../../../../arm-none-eabi/lib/armv7-m\libg.a(lib_a-vsscanf.o)
                0x0000856c                _vsscanf_r
 .text.vsscanf  0x000085bc       0x1c c:/program files (x86)/gnu tools arm embedded/4.7 2013q2/bin/../lib/gcc/arm-none-eabi/4.7.4/../../../../arm-none-eabi/lib/armv7-m\libg.a(lib_a-vsscanf.o)
                0x000085bc                vsscanf
 .text.div      0x000085d8       0x2c c:/program files (x86)/gnu tools arm embedded/4.7 2013q2/bin/../lib/gcc/arm-none-eabi/4.7.4/../../../../arm-none-eabi/lib/armv7-m\libg.a(lib_a-div.o)
                0x000085d8                div
 .text.quorem   0x00008604      0x2ec c:/program files (x86)/gnu tools arm embedded/4.7 2013q2/bin/../lib/gcc/arm-none-eabi/4.7.4/../../../../arm-none-eabi/lib/armv7-m\libg.a(lib_a-dtoa.o)
 .text._dtoa_r  0x000088f0     0x11f8 c:/program files (x86)/gnu tools arm embedded/4.7 2013q2/bin/../lib/gcc/arm-none-eabi/4.7.4/../../../../arm-none-eabi/lib/armv7-m\libg.a(lib_a-dtoa.o)
                0x000088f0                _dtoa_r
 .text.__gettzinfo
                0x00009ae8        0xc c:/program files (x86)/gnu tools arm embedded/4.7 2013q2/bin/../lib/gcc/arm-none-eabi/4.7.4/../../../../arm-none-eabi/lib/armv7-m\libg.a(lib_a-gettzinfo.o)
                0x00009ae8                __gettzinfo
 .text.__locale_charset
                0x00009af4        0xc c:/program files (x86)/gnu tools arm embedded/4.7 2013q2/bin/../lib/gcc/arm-none-eabi/4.7.4/../../../../arm-none-eabi/lib/armv7-m\libg.a(lib_a-locale.o)
                0x00009af4                __locale_charset
 .text.__locale_mb_cur_max
                0x00009b00        0xc c:/program files (x86)/gnu tools arm embedded/4.7 2013q2/bin/../lib/gcc/arm-none-eabi/4.7.4/../../../../arm-none-eabi/lib/armv7-m\libg.a(lib_a-locale.o)
                0x00009b00                __locale_mb_cur_max
 .text._localeconv_r
                0x00009b0c        0xc c:/program files (x86)/gnu tools arm embedded/4.7 2013q2/bin/../lib/gcc/arm-none-eabi/4.7.4/../../../../arm-none-eabi/lib/armv7-m\libg.a(lib_a-locale.o)
                0x00009b0c                _localeconv_r
 .text._malloc_r
                0x00009b18      0x530 c:/program files (x86)/gnu tools arm embedded/4.7 2013q2/bin/../lib/gcc/arm-none-eabi/4.7.4/../../../../arm-none-eabi/lib/armv7-m\libg.a(lib_a-mallocr.o)
                0x00009b18                _malloc_r
 .text.memchr   0x0000a048      0x140 c:/program files (x86)/gnu tools arm embedded/4.7 2013q2/bin/../lib/gcc/arm-none-eabi/4.7.4/../../../../arm-none-eabi/lib/armv7-m\libg.a(lib_a-memchr.o)
                0x0000a048                memchr
 .text.__malloc_lock
                0x0000a188        0x4 c:/program files (x86)/gnu tools arm embedded/4.7 2013q2/bin/../lib/gcc/arm-none-eabi/4.7.4/../../../../arm-none-eabi/lib/armv7-m\libg.a(lib_a-mlock.o)
                0x0000a188                __malloc_lock
 .text.__malloc_unlock
                0x0000a18c        0x4 c:/program files (x86)/gnu tools arm embedded/4.7 2013q2/bin/../lib/gcc/arm-none-eabi/4.7.4/../../../../arm-none-eabi/lib/armv7-m\libg.a(lib_a-mlock.o)
                0x0000a18c                __malloc_unlock
 .text._Balloc  0x0000a190       0x4c c:/program files (x86)/gnu tools arm embedded/4.7 2013q2/bin/../lib/gcc/arm-none-eabi/4.7.4/../../../../arm-none-eabi/lib/armv7-m\libg.a(lib_a-mprec.o)
                0x0000a190                _Balloc
 .text._Bfree   0x0000a1dc       0x14 c:/program files (x86)/gnu tools arm embedded/4.7 2013q2/bin/../lib/gcc/arm-none-eabi/4.7.4/../../../../arm-none-eabi/lib/armv7-m\libg.a(lib_a-mprec.o)
                0x0000a1dc                _Bfree
 .text.__multadd
                0x0000a1f0       0xfc c:/program files (x86)/gnu tools arm embedded/4.7 2013q2/bin/../lib/gcc/arm-none-eabi/4.7.4/../../../../arm-none-eabi/lib/armv7-m\libg.a(lib_a-mprec.o)
                0x0000a1f0                __multadd
 .text.__s2b    0x0000a2ec      0x140 c:/program files (x86)/gnu tools arm embedded/4.7 2013q2/bin/../lib/gcc/arm-none-eabi/4.7.4/../../../../arm-none-eabi/lib/armv7-m\libg.a(lib_a-mprec.o)
                0x0000a2ec                __s2b
 .text.__hi0bits
                0x0000a42c       0x3c c:/program files (x86)/gnu tools arm embedded/4.7 2013q2/bin/../lib/gcc/arm-none-eabi/4.7.4/../../../../arm-none-eabi/lib/armv7-m\libg.a(lib_a-mprec.o)
                0x0000a42c                __hi0bits
 .text.__lo0bits
                0x0000a468       0x5c c:/program files (x86)/gnu tools arm embedded/4.7 2013q2/bin/../lib/gcc/arm-none-eabi/4.7.4/../../../../arm-none-eabi/lib/armv7-m\libg.a(lib_a-mprec.o)
                0x0000a468                __lo0bits
 .text.__i2b    0x0000a4c4       0x14 c:/program files (x86)/gnu tools arm embedded/4.7 2013q2/bin/../lib/gcc/arm-none-eabi/4.7.4/../../../../arm-none-eabi/lib/armv7-m\libg.a(lib_a-mprec.o)
                0x0000a4c4                __i2b
 .text.__multiply
                0x0000a4d8      0x2d0 c:/program files (x86)/gnu tools arm embedded/4.7 2013q2/bin/../lib/gcc/arm-none-eabi/4.7.4/../../../../arm-none-eabi/lib/armv7-m\libg.a(lib_a-mprec.o)
                0x0000a4d8                __multiply
 .text.__pow5mult
                0x0000a7a8       0x94 c:/program files (x86)/gnu tools arm embedded/4.7 2013q2/bin/../lib/gcc/arm-none-eabi/4.7.4/../../../../arm-none-eabi/lib/armv7-m\libg.a(lib_a-mprec.o)
                0x0000a7a8                __pow5mult
 .text.__lshift
                0x0000a83c      0x16c c:/program files (x86)/gnu tools arm embedded/4.7 2013q2/bin/../lib/gcc/arm-none-eabi/4.7.4/../../../../arm-none-eabi/lib/armv7-m\libg.a(lib_a-mprec.o)
                0x0000a83c                __lshift
 .text.__mcmp   0x0000a9a8       0x5c c:/program files (x86)/gnu tools arm embedded/4.7 2013q2/bin/../lib/gcc/arm-none-eabi/4.7.4/../../../../arm-none-eabi/lib/armv7-m\libg.a(lib_a-mprec.o)
                0x0000a9a8                __mcmp
 .text.__mdiff  0x0000aa04      0x218 c:/program files (x86)/gnu tools arm embedded/4.7 2013q2/bin/../lib/gcc/arm-none-eabi/4.7.4/../../../../arm-none-eabi/lib/armv7-m\libg.a(lib_a-mprec.o)
                0x0000aa04                __mdiff
 .text.__ulp    0x0000ac1c       0x44 c:/program files (x86)/gnu tools arm embedded/4.7 2013q2/bin/../lib/gcc/arm-none-eabi/4.7.4/../../../../arm-none-eabi/lib/armv7-m\libg.a(lib_a-mprec.o)
                0x0000ac1c                __ulp
 .text.__b2d    0x0000ac60       0xbc c:/program files (x86)/gnu tools arm embedded/4.7 2013q2/bin/../lib/gcc/arm-none-eabi/4.7.4/../../../../arm-none-eabi/lib/armv7-m\libg.a(lib_a-mprec.o)
                0x0000ac60                __b2d
 .text.__d2b    0x0000ad1c       0xc0 c:/program files (x86)/gnu tools arm embedded/4.7 2013q2/bin/../lib/gcc/arm-none-eabi/4.7.4/../../../../arm-none-eabi/lib/armv7-m\libg.a(lib_a-mprec.o)
                0x0000ad1c                __d2b
 .text.__ratio  0x0000addc       0x54 c:/program files (x86)/gnu tools arm embedded/4.7 2013q2/bin/../lib/gcc/arm-none-eabi/4.7.4/../../../../arm-none-eabi/lib/armv7-m\libg.a(lib_a-mprec.o)
                0x0000addc                __ratio
 .text.__copybits
                0x0000ae30       0xa0 c:/program files (x86)/gnu tools arm embedded/4.7 2013q2/bin/../lib/gcc/arm-none-eabi/4.7.4/../../../../arm-none-eabi/lib/armv7-m\libg.a(lib_a-mprec.o)
                0x0000ae30                __copybits
 .text.__any_on
                0x0000aed0       0x74 c:/program files (x86)/gnu tools arm embedded/4.7 2013q2/bin/../lib/gcc/arm-none-eabi/4.7.4/../../../../arm-none-eabi/lib/armv7-m\libg.a(lib_a-mprec.o)
                0x0000aed0                __any_on
 .text.__fpclassifyd
                0x0000af44       0x68 c:/program files (x86)/gnu tools arm embedded/4.7 2013q2/bin/../lib/gcc/arm-none-eabi/4.7.4/../../../../arm-none-eabi/lib/armv7-m\libg.a(lib_a-s_fpclassify.o)
                0x0000af44                __fpclassifyd
 .text._sbrk_r  0x0000afac       0x24 c:/program files (x86)/gnu tools arm embedded/4.7 2013q2/bin/../lib/gcc/arm-none-eabi/4.7.4/../../../../arm-none-eabi/lib/armv7-m\libg.a(lib_a-sbrkr.o)
                0x0000afac                _sbrk_r
 .text.__seofread
                0x0000afd0        0x4 c:/program files (x86)/gnu tools arm embedded/4.7 2013q2/bin/../lib/gcc/arm-none-eabi/4.7.4/../../../../arm-none-eabi/lib/armv7-m\libg.a(lib_a-stdio.o)
                0x0000afd0                __seofread
 .text.__ssprint_r
                0x0000afd4      0x100 c:/program files (x86)/gnu tools arm embedded/4.7 2013q2/bin/../lib/gcc/arm-none-eabi/4.7.4/../../../../arm-none-eabi/lib/armv7-m\libg.a(lib_a-svfiprintf.o)
                0x0000afd4                __ssprint_r
 .text.__ssvfscanf_r
                0x0000b0d4     0x11b8 c:/program files (x86)/gnu tools arm embedded/4.7 2013q2/bin/../lib/gcc/arm-none-eabi/4.7.4/../../../../arm-none-eabi/lib/armv7-m\libg.a(lib_a-svfscanf.o)
                0x0000b0d4                __ssvfscanf_r
 .text._calloc_r
                0x0000c28c       0x60 c:/program files (x86)/gnu tools arm embedded/4.7 2013q2/bin/../lib/gcc/arm-none-eabi/4.7.4/../../../../arm-none-eabi/lib/armv7-m\libg.a(lib_a-callocr.o)
                0x0000c28c                _calloc_r
 .text.__sfp_lock_acquire
                0x0000c2ec        0x4 c:/program files (x86)/gnu tools arm embedded/4.7 2013q2/bin/../lib/gcc/arm-none-eabi/4.7.4/../../../../arm-none-eabi/lib/armv7-m\libg.a(lib_a-findfp.o)
                0x0000c2ec                __sfp_lock_acquire
 .text.__sfp_lock_release
                0x0000c2f0        0x4 c:/program files (x86)/gnu tools arm embedded/4.7 2013q2/bin/../lib/gcc/arm-none-eabi/4.7.4/../../../../arm-none-eabi/lib/armv7-m\libg.a(lib_a-findfp.o)
                0x0000c2f0                __sfp_lock_release
 .text._malloc_trim_r
                0x0000c2f4       0x98 c:/program files (x86)/gnu tools arm embedded/4.7 2013q2/bin/../lib/gcc/arm-none-eabi/4.7.4/../../../../arm-none-eabi/lib/armv7-m\libg.a(lib_a-freer.o)
                0x0000c2f4                _malloc_trim_r
 .text._free_r  0x0000c38c      0x194 c:/program files (x86)/gnu tools arm embedded/4.7 2013q2/bin/../lib/gcc/arm-none-eabi/4.7.4/../../../../arm-none-eabi/lib/armv7-m\libg.a(lib_a-freer.o)
                0x0000c38c                _free_r
 .text.iswspace
                0x0000c520       0x1c c:/program files (x86)/gnu tools arm embedded/4.7 2013q2/bin/../lib/gcc/arm-none-eabi/4.7.4/../../../../arm-none-eabi/lib/armv7-m\libg.a(lib_a-iswspace.o)
                0x0000c520                iswspace
 .text._mbrtowc_r
                0x0000c53c       0x5c c:/program files (x86)/gnu tools arm embedded/4.7 2013q2/bin/../lib/gcc/arm-none-eabi/4.7.4/../../../../arm-none-eabi/lib/armv7-m\libg.a(lib_a-mbrtowc.o)
                0x0000c53c                _mbrtowc_r
 .text.__ascii_mbtowc
                0x0000c598       0x28 c:/program files (x86)/gnu tools arm embedded/4.7 2013q2/bin/../lib/gcc/arm-none-eabi/4.7.4/../../../../arm-none-eabi/lib/armv7-m\libg.a(lib_a-mbtowc_r.o)
                0x0000c598                __ascii_mbtowc
 .text.memmove  0x0000c5c0      0x1b0 c:/program files (x86)/gnu tools arm embedded/4.7 2013q2/bin/../lib/gcc/arm-none-eabi/4.7.4/../../../../arm-none-eabi/lib/armv7-m\libg.a(lib_a-memmove.o)
                0x0000c5c0                memmove
 .text.memset   0x0000c770      0x12c c:/program files (x86)/gnu tools arm embedded/4.7 2013q2/bin/../lib/gcc/arm-none-eabi/4.7.4/../../../../arm-none-eabi/lib/armv7-m\libg.a(lib_a-memset.o)
                0x0000c770                memset
 .text._realloc_r
                0x0000c89c      0x3ec c:/program files (x86)/gnu tools arm embedded/4.7 2013q2/bin/../lib/gcc/arm-none-eabi/4.7.4/../../../../arm-none-eabi/lib/armv7-m\libg.a(lib_a-reallocr.o)
                0x0000c89c                _realloc_r
 .text.__sccl   0x0000cc88       0x94 c:/program files (x86)/gnu tools arm embedded/4.7 2013q2/bin/../lib/gcc/arm-none-eabi/4.7.4/../../../../arm-none-eabi/lib/armv7-m\libg.a(lib_a-sccl.o)
                0x0000cc88                __sccl
 .text.nanf     0x0000cd1c        0x8 c:/program files (x86)/gnu tools arm embedded/4.7 2013q2/bin/../lib/gcc/arm-none-eabi/4.7.4/../../../../arm-none-eabi/lib/armv7-m\libg.a(lib_a-sf_nan.o)
                0x0000cd1c                nanf
 *fill*         0x0000cd24        0x4 00
 .text._strtod_r
                0x0000cd28      0xeb0 c:/program files (x86)/gnu tools arm embedded/4.7 2013q2/bin/../lib/gcc/arm-none-eabi/4.7.4/../../../../arm-none-eabi/lib/armv7-m\libg.a(lib_a-strtod.o)
                0x0000cd28                _strtod_r
 .text._strtol_r
                0x0000dbd8      0x130 c:/program files (x86)/gnu tools arm embedded/4.7 2013q2/bin/../lib/gcc/arm-none-eabi/4.7.4/../../../../arm-none-eabi/lib/armv7-m\libg.a(lib_a-strtol.o)
                0x0000dbd8                _strtol_r
 .text._strtoll_r
                0x0000dd08      0x1b0 c:/program files (x86)/gnu tools arm embedded/4.7 2013q2/bin/../lib/gcc/arm-none-eabi/4.7.4/../../../../arm-none-eabi/lib/armv7-m\libg.a(lib_a-strtoll_r.o)
                0x0000dd08                _strtoll_r
 .text._strtoul_r
                0x0000deb8      0x150 c:/program files (x86)/gnu tools arm embedded/4.7 2013q2/bin/../lib/gcc/arm-none-eabi/4.7.4/../../../../arm-none-eabi/lib/armv7-m\libg.a(lib_a-strtoul.o)
                0x0000deb8                _strtoul_r
 .text._strtoull_r
                0x0000e008      0x1f0 c:/program files (x86)/gnu tools arm embedded/4.7 2013q2/bin/../lib/gcc/arm-none-eabi/4.7.4/../../../../arm-none-eabi/lib/armv7-m\libg.a(lib_a-strtoull_r.o)
                0x0000e008                _strtoull_r
 .text._sungetc_r
                0x0000e1f8       0x80 c:/program files (x86)/gnu tools arm embedded/4.7 2013q2/bin/../lib/gcc/arm-none-eabi/4.7.4/../../../../arm-none-eabi/lib/armv7-m\libg.a(lib_a-svfiscanf.o)
                0x0000e1f8                _sungetc_r
 .text.__ssrefill_r
                0x0000e278       0x3c c:/program files (x86)/gnu tools arm embedded/4.7 2013q2/bin/../lib/gcc/arm-none-eabi/4.7.4/../../../../arm-none-eabi/lib/armv7-m\libg.a(lib_a-svfiscanf.o)
                0x0000e278                __ssrefill_r
 .text._sfread_r
                0x0000e2b4       0x7c c:/program files (x86)/gnu tools arm embedded/4.7 2013q2/bin/../lib/gcc/arm-none-eabi/4.7.4/../../../../arm-none-eabi/lib/armv7-m\libg.a(lib_a-svfiscanf.o)
                0x0000e2b4                _sfread_r
 .text.__submore
                0x0000e330       0x7c c:/program files (x86)/gnu tools arm embedded/4.7 2013q2/bin/../lib/gcc/arm-none-eabi/4.7.4/../../../../arm-none-eabi/lib/armv7-m\libg.a(lib_a-ungetc.o)
                0x0000e330                __submore
 .text.rshift   0x0000e3ac      0x148 c:/program files (x86)/gnu tools arm embedded/4.7 2013q2/bin/../lib/gcc/arm-none-eabi/4.7.4/../../../../arm-none-eabi/lib/armv7-m\libg.a(lib_a-gdtoa-gethex.o)
 .text.__hexdig_init
                0x0000e4f4       0x50 c:/program files (x86)/gnu tools arm embedded/4.7 2013q2/bin/../lib/gcc/arm-none-eabi/4.7.4/../../../../arm-none-eabi/lib/armv7-m\libg.a(lib_a-gdtoa-gethex.o)
                0x0000e4f4                __hexdig_init
 .text.__gethex
                0x0000e544      0x588 c:/program files (x86)/gnu tools arm embedded/4.7 2013q2/bin/../lib/gcc/arm-none-eabi/4.7.4/../../../../arm-none-eabi/lib/armv7-m\libg.a(lib_a-gdtoa-gethex.o)
                0x0000e544                __gethex
 .text.__hexnan
                0x0000eacc      0x2f0 c:/program files (x86)/gnu tools arm embedded/4.7 2013q2/bin/../lib/gcc/arm-none-eabi/4.7.4/../../../../arm-none-eabi/lib/armv7-m\libg.a(lib_a-gdtoa-hexnan.o)
                0x0000eacc                __hexnan
 .text.strncmp  0x0000edbc      0x120 c:/program files (x86)/gnu tools arm embedded/4.7 2013q2/bin/../lib/gcc/arm-none-eabi/4.7.4/../../../../arm-none-eabi/lib/armv7-m\libg.a(lib_a-strncmp.o)
                0x0000edbc                strncmp
 .text          0x0000eedc      0x370 c:/program files (x86)/gnu tools arm embedded/4.7 2013q2/bin/../lib/gcc/arm-none-eabi/4.7.4/armv7-m\libgcc.a(_arm_addsubdf3.o)
                0x0000eedc                __aeabi_drsub
                0x0000eee4                __aeabi_dsub
                0x0000eee4                __subdf3
                0x0000eee8                __aeabi_dadd
                0x0000eee8                __adddf3
                0x0000f160                __floatunsidf
                0x0000f160                __aeabi_ui2d
                0x0000f180                __floatsidf
                0x0000f180                __aeabi_i2d
                0x0000f1a4                __aeabi_f2d
                0x0000f1a4                __extendsfdf2
                0x0000f1e0                __floatundidf
                0x0000f1e0                __aeabi_ul2d
                0x0000f1f0                __floatdidf
                0x0000f1f0                __aeabi_l2d
 .text          0x0000f24c      0x110 c:/program files (x86)/gnu tools arm embedded/4.7 2013q2/bin/../lib/gcc/arm-none-eabi/4.7.4/armv7-m\libgcc.a(_arm_cmpdf2.o)
                0x0000f24c                __gtdf2
                0x0000f24c                __gedf2
                0x0000f254                __ltdf2
                0x0000f254                __ledf2
                0x0000f25c                __nedf2
                0x0000f25c                __eqdf2
                0x0000f25c                __cmpdf2
                0x0000f2d8                __aeabi_cdrcmple
                0x0000f2e8                __aeabi_cdcmpeq
                0x0000f2e8                __aeabi_cdcmple
                0x0000f2f8                __aeabi_dcmpeq
                0x0000f30c                __aeabi_dcmplt
                0x0000f320                __aeabi_dcmple
                0x0000f334                __aeabi_dcmpge
                0x0000f348                __aeabi_dcmpgt
 .text          0x0000f35c       0x50 c:/program files (x86)/gnu tools arm embedded/4.7 2013q2/bin/../lib/gcc/arm-none-eabi/4.7.4/armv7-m\libgcc.a(_arm_fixdfsi.o)
                0x0000f35c                __aeabi_d2iz
                0x0000f35c                __fixdfsi
 .text          0x0000f3ac       0xa0 c:/program files (x86)/gnu tools arm embedded/4.7 2013q2/bin/../lib/gcc/arm-none-eabi/4.7.4/armv7-m\libgcc.a(_arm_truncdfsf2.o)
                0x0000f3ac                __truncdfsf2
                0x0000f3ac                __aeabi_d2f
 .text          0x0000f44c       0x2c c:/program files (x86)/gnu tools arm embedded/4.7 2013q2/bin/../lib/gcc/arm-none-eabi/4.7.4/armv7-m\libgcc.a(_aeabi_uldivmod.o)
                0x0000f44c                __aeabi_uldivmod
 .text          0x0000f478       0x60 c:/program files (x86)/gnu tools arm embedded/4.7 2013q2/bin/../lib/gcc/arm-none-eabi/4.7.4/armv7-m\libgcc.a(bpabi.o)
                0x0000f478                __gnu_ldivmod_helper
                0x0000f4a8                __gnu_uldivmod_helper
 .text          0x0000f4d8        0x4 c:/program files (x86)/gnu tools arm embedded/4.7 2013q2/bin/../lib/gcc/arm-none-eabi/4.7.4/armv7-m\libgcc.a(_dvmd_tls.o)
                0x0000f4d8                __aeabi_idiv0
                0x0000f4d8                __aeabi_ldiv0
 .text          0x0000f4dc      0x2bc c:/program files (x86)/gnu tools arm embedded/4.7 2013q2/bin/../lib/gcc/arm-none-eabi/4.7.4/armv7-m\libgcc.a(_divdi3.o)
                0x0000f4dc                __divdi3
 .text          0x0000f798      0x28c c:/program files (x86)/gnu tools arm embedded/4.7 2013q2/bin/../lib/gcc/arm-none-eabi/4.7.4/armv7-m\libgcc.a(_udivdi3.o)
                0x0000f798                __udivdi3
 *(.glue_7t)
 .glue_7t       0x00000000        0x0 linker stubs
 *(.glue_7)
 .glue_7        0x00000000        0x0 linker stubs
 *(.rodata .rodata* .gnu.linkonce.r.*)
 .rodata        0x0000fa24       0xa0 ..\obj\lpc17xx_can.o
 .rodata        0x0000fac4       0x5c ..\obj\SensorDataManager.o
 .rodata        0x0000fb20       0x18 ..\obj\Debug.o
 .rodata        0x0000fb38       0x14 ..\obj\CanTask.o
 .rodata        0x0000fb4c       0xa0 ..\obj\lpc17xx_uart.o
 .rodata        0x0000fbec       0xb8 ..\obj\main.o
 .rodata        0x0000fca4       0xa0 ..\obj\lpc17xx_rtc.o
 .rodata        0x0000fd44      0x23c ..\obj\TelemetryTask.o
 .rodata        0x0000ff80      0x114 ..\obj\GM862.o
 .rodata._DAYS_BEFORE_MONTH
                0x00010094       0x30 c:/program files (x86)/gnu tools arm embedded/4.7 2013q2/bin/../lib/gcc/arm-none-eabi/4.7.4/../../../../arm-none-eabi/lib/armv7-m\libg.a(lib_a-mktime.o)
 .rodata.DAYS_IN_MONTH
                0x000100c4       0x30 c:/program files (x86)/gnu tools arm embedded/4.7 2013q2/bin/../lib/gcc/arm-none-eabi/4.7.4/../../../../arm-none-eabi/lib/armv7-m\libg.a(lib_a-mktime.o)
 .rodata.mon_lengths
                0x000100f4       0x60 c:/program files (x86)/gnu tools arm embedded/4.7 2013q2/bin/../lib/gcc/arm-none-eabi/4.7.4/../../../../arm-none-eabi/lib/armv7-m\libg.a(lib_a-mktm_r.o)
 .rodata.str1.4
                0x00010154       0x42 c:/program files (x86)/gnu tools arm embedded/4.7 2013q2/bin/../lib/gcc/arm-none-eabi/4.7.4/../../../../arm-none-eabi/lib/armv7-m\libg.a(lib_a-svfprintf.o)
                                 0x44 (size before relaxing)
 *fill*         0x00010196        0x2 00
 .rodata.zeroes.6721
                0x00010198       0x10 c:/program files (x86)/gnu tools arm embedded/4.7 2013q2/bin/../lib/gcc/arm-none-eabi/4.7.4/../../../../arm-none-eabi/lib/armv7-m\libg.a(lib_a-svfprintf.o)
 .rodata.blanks.6720
                0x000101a8       0x10 c:/program files (x86)/gnu tools arm embedded/4.7 2013q2/bin/../lib/gcc/arm-none-eabi/4.7.4/../../../../arm-none-eabi/lib/armv7-m\libg.a(lib_a-svfprintf.o)
 .rodata.str1.4
                0x000101b8       0x10 c:/program files (x86)/gnu tools arm embedded/4.7 2013q2/bin/../lib/gcc/arm-none-eabi/4.7.4/../../../../arm-none-eabi/lib/armv7-m\libg.a(lib_a-dtoa.o)
                                 0x14 (size before relaxing)
 .rodata.str1.4
                0x000101c8        0x2 c:/program files (x86)/gnu tools arm embedded/4.7 2013q2/bin/../lib/gcc/arm-none-eabi/4.7.4/../../../../arm-none-eabi/lib/armv7-m\libg.a(lib_a-impure.o)
                                  0x4 (size before relaxing)
 *fill*         0x000101ca        0x2 00
 .rodata.str1.4
                0x000101cc        0xa c:/program files (x86)/gnu tools arm embedded/4.7 2013q2/bin/../lib/gcc/arm-none-eabi/4.7.4/../../../../arm-none-eabi/lib/armv7-m\libg.a(lib_a-locale.o)
                                 0x14 (size before relaxing)
 *fill*         0x000101d6        0x2 00
 .rodata.p05.5242
                0x000101d8        0xc c:/program files (x86)/gnu tools arm embedded/4.7 2013q2/bin/../lib/gcc/arm-none-eabi/4.7.4/../../../../arm-none-eabi/lib/armv7-m\libg.a(lib_a-mprec.o)
 *fill*         0x000101e4        0x4 00
 .rodata.__mprec_tens
                0x000101e8       0xc8 c:/program files (x86)/gnu tools arm embedded/4.7 2013q2/bin/../lib/gcc/arm-none-eabi/4.7.4/../../../../arm-none-eabi/lib/armv7-m\libg.a(lib_a-mprec.o)
                0x000101e8                __mprec_tens
 .rodata.__mprec_bigtens
                0x000102b0       0x28 c:/program files (x86)/gnu tools arm embedded/4.7 2013q2/bin/../lib/gcc/arm-none-eabi/4.7.4/../../../../arm-none-eabi/lib/armv7-m\libg.a(lib_a-mprec.o)
                0x000102b0                __mprec_bigtens
 .rodata.basefix.6637
                0x000102d8       0x24 c:/program files (x86)/gnu tools arm embedded/4.7 2013q2/bin/../lib/gcc/arm-none-eabi/4.7.4/../../../../arm-none-eabi/lib/armv7-m\libg.a(lib_a-svfscanf.o)
 .rodata.str1.4
                0x000102fc        0x5 c:/program files (x86)/gnu tools arm embedded/4.7 2013q2/bin/../lib/gcc/arm-none-eabi/4.7.4/../../../../arm-none-eabi/lib/armv7-m\libg.a(lib_a-svfscanf.o)
                                  0x8 (size before relaxing)
 *fill*         0x00010301        0x3 00
 .rodata._ctype_
                0x00010304      0x104 c:/program files (x86)/gnu tools arm embedded/4.7 2013q2/bin/../lib/gcc/arm-none-eabi/4.7.4/../../../../arm-none-eabi/lib/armv7-m\libg.a(lib_a-ctype_.o)
                0x00010304                _ctype_
 .rodata.str1.4
                0x00000000        0x4 c:/program files (x86)/gnu tools arm embedded/4.7 2013q2/bin/../lib/gcc/arm-none-eabi/4.7.4/../../../../arm-none-eabi/lib/armv7-m\libg.a(lib_a-mbrtowc.o)
 .rodata.str1.4
                0x00010408        0xf c:/program files (x86)/gnu tools arm embedded/4.7 2013q2/bin/../lib/gcc/arm-none-eabi/4.7.4/../../../../arm-none-eabi/lib/armv7-m\libg.a(lib_a-strtod.o)
                                 0x10 (size before relaxing)
 *fill*         0x00010417        0x1 00
 .rodata.tinytens
                0x00010418       0x28 c:/program files (x86)/gnu tools arm embedded/4.7 2013q2/bin/../lib/gcc/arm-none-eabi/4.7.4/../../../../arm-none-eabi/lib/armv7-m\libg.a(lib_a-strtod.o)
 .rodata.str1.4
                0x00010440       0x1c c:/program files (x86)/gnu tools arm embedded/4.7 2013q2/bin/../lib/gcc/arm-none-eabi/4.7.4/../../../../arm-none-eabi/lib/armv7-m\libg.a(lib_a-gdtoa-gethex.o)

.vfp11_veneer   0x0001045c        0x0
 .vfp11_veneer  0x00000000        0x0 linker stubs

.v4_bx          0x0001045c        0x0
 .v4_bx         0x00000000        0x0 linker stubs

.iplt           0x0001045c        0x0
 .iplt          0x00000000        0x0 ..\obj\NotificationTask.o

.ARM.extab
 *(.ARM.extab* .gnu.linkonce.armextab.*)
                0x0001045c                __exidx_start = .

.ARM.exidx      0x0001045c        0x8
 *(.ARM.exidx* .gnu.linkonce.armexidx.*)
 .ARM.exidx     0x0001045c        0x8 c:/program files (x86)/gnu tools arm embedded/4.7 2013q2/bin/../lib/gcc/arm-none-eabi/4.7.4/armv7-m\libgcc.a(_divdi3.o)
 .ARM.exidx     0x00010464        0x0 c:/program files (x86)/gnu tools arm embedded/4.7 2013q2/bin/../lib/gcc/arm-none-eabi/4.7.4/armv7-m\libgcc.a(_udivdi3.o)
                                  0x8 (size before relaxing)
                0x00010464                __exidx_end = .

.rel.dyn        0x00010464        0x0
 .rel.iplt      0x00000000        0x0 ..\obj\NotificationTask.o
                0x00010464                . = ALIGN (0x4)
                0x00010464                _etext = .
                0x00010464                _sidata = .

.data           0x10000000      0x918 load address 0x00010464
                0x10000000                _sdata = .
 *(.data .data.*)
 .data          0x10000000        0x4 ..\obj\system_LPC17xx.o
                0x10000000                SystemCoreClock
 .data          0x10000004        0xc ..\obj\port.o
                0x10000004                NVIC_INT_CTRL
                0x10000008                NVIC_PENDSVSET
                0x1000000c                INT_EXIT
 .data.tzinfo   0x10000010       0x40 c:/program files (x86)/gnu tools arm embedded/4.7 2013q2/bin/../lib/gcc/arm-none-eabi/4.7.4/../../../../arm-none-eabi/lib/armv7-m\libg.a(lib_a-gettzinfo.o)
 .data.impure_data
                0x10000050      0x428 c:/program files (x86)/gnu tools arm embedded/4.7 2013q2/bin/../lib/gcc/arm-none-eabi/4.7.4/../../../../arm-none-eabi/lib/armv7-m\libg.a(lib_a-impure.o)
 .data._impure_ptr
                0x10000478        0x4 c:/program files (x86)/gnu tools arm embedded/4.7 2013q2/bin/../lib/gcc/arm-none-eabi/4.7.4/../../../../arm-none-eabi/lib/armv7-m\libg.a(lib_a-impure.o)
                0x10000478                _impure_ptr
 .data.lconv    0x1000047c       0x38 c:/program files (x86)/gnu tools arm embedded/4.7 2013q2/bin/../lib/gcc/arm-none-eabi/4.7.4/../../../../arm-none-eabi/lib/armv7-m\libg.a(lib_a-locale.o)
 .data.lc_ctype_charset
                0x100004b4       0x20 c:/program files (x86)/gnu tools arm embedded/4.7 2013q2/bin/../lib/gcc/arm-none-eabi/4.7.4/../../../../arm-none-eabi/lib/armv7-m\libg.a(lib_a-locale.o)
 .data.__mb_cur_max
                0x100004d4        0x4 c:/program files (x86)/gnu tools arm embedded/4.7 2013q2/bin/../lib/gcc/arm-none-eabi/4.7.4/../../../../arm-none-eabi/lib/armv7-m\libg.a(lib_a-locale.o)
                0x100004d4                __mb_cur_max
 .data.__malloc_av_
                0x100004d8      0x408 c:/program files (x86)/gnu tools arm embedded/4.7 2013q2/bin/../lib/gcc/arm-none-eabi/4.7.4/../../../../arm-none-eabi/lib/armv7-m\libg.a(lib_a-mallocr.o)
                0x100004d8                __malloc_av_
 .data.__malloc_trim_threshold
                0x100008e0        0x4 c:/program files (x86)/gnu tools arm embedded/4.7 2013q2/bin/../lib/gcc/arm-none-eabi/4.7.4/../../../../arm-none-eabi/lib/armv7-m\libg.a(lib_a-mallocr.o)
                0x100008e0                __malloc_trim_threshold
 .data.__malloc_sbrk_base
                0x100008e4        0x4 c:/program files (x86)/gnu tools arm embedded/4.7 2013q2/bin/../lib/gcc/arm-none-eabi/4.7.4/../../../../arm-none-eabi/lib/armv7-m\libg.a(lib_a-mallocr.o)
                0x100008e4                __malloc_sbrk_base
 .data.__ctype_ptr__
                0x100008e8        0x4 c:/program files (x86)/gnu tools arm embedded/4.7 2013q2/bin/../lib/gcc/arm-none-eabi/4.7.4/../../../../arm-none-eabi/lib/armv7-m\libg.a(lib_a-ctype_.o)
                0x100008e8                __ctype_ptr__
 .data.__mbtowc
                0x100008ec        0x4 c:/program files (x86)/gnu tools arm embedded/4.7 2013q2/bin/../lib/gcc/arm-none-eabi/4.7.4/../../../../arm-none-eabi/lib/armv7-m\libg.a(lib_a-mbtowc_r.o)
                0x100008ec                __mbtowc
 .data.fpi.5202
                0x100008f0       0x14 c:/program files (x86)/gnu tools arm embedded/4.7 2013q2/bin/../lib/gcc/arm-none-eabi/4.7.4/../../../../arm-none-eabi/lib/armv7-m\libg.a(lib_a-strtod.o)
 .data.fpinan.5238
                0x10000904       0x14 c:/program files (x86)/gnu tools arm embedded/4.7 2013q2/bin/../lib/gcc/arm-none-eabi/4.7.4/../../../../arm-none-eabi/lib/armv7-m\libg.a(lib_a-strtod.o)
                0x10000918                . = ALIGN (0x4)
                0x10000918                _edata = .

.igot.plt       0x10000918        0x0 load address 0x00010d7c
 .igot.plt      0x00000000        0x0 ..\obj\NotificationTask.o

.bss            0x10000918     0x6ae4 load address 0x00010d80
                0x10000918                _sbss = .
 *(.bss .bss.*)
 .bss           0x10000918       0xd4 ..\obj\kernelHeap.o
                0x10000918                KernelHeap
                0x100009e0                FMBlist
                0x100009e4                Kheap
 .bss           0x100009ec       0x5c ..\obj\SensorDataManager.o
 .bss           0x10000a48        0x3 ..\obj\core.o
                0x10000a48                OSIntNesting
                0x10000a49                OSSchedLock
                0x10000a4a                TaskSchedReq
 .bss           0x10000a4b        0x1 ..\obj\Debug.o
 .bss           0x10000a4c       0x38 ..\obj\timer.o
                0x10000a4c                TmrTbl
                0x10000a7c                TmrList
                0x10000a80                TmrIDVessel
 .bss           0x10000a84      0x20c ..\obj\CanTask.o
 .bss           0x10000c90      0x188 ..\obj\task.o
                0x10000c90                TCBTbl
                0x10000d98                idle_stk
                0x10000dfc                FreeTCB
                0x10000e00                TCBRdy
                0x10000e04                TCBNext
                0x10000e08                TCBRunning
                0x10000e10                OSCheckTime
 .bss           0x10000e18       0x30 ..\obj\serviceReq.o
                0x10000e18                ServiceReq
                0x10000e44                IsrReq
                0x10000e45                TimeReq
                0x10000e46                TimerReq
 .bss           0x10000e48        0x4 ..\obj\time.o
                0x10000e48                DlyList
 .bss           0x10000e4c      0x144 ..\obj\event.o
                0x10000e4c                EventTbl
                0x10000f8c                FreeEventList
 .bss           0x10000f90        0x4 ..\obj\syscalls.o
 .bss           0x10000f94       0x54 ..\obj\mutex.o
                0x10000f94                MutexFreeID
                0x10000f98                MutexTbl
 .bss           0x10000fe8       0x14 ..\obj\flag.o
                0x10000fe8                FlagCrl
 *fill*         0x10000ffc        0x4 00
 .bss           0x10001000        0x8 ..\obj\arch.o
                0x10001000                OSTickCnt
 .bss           0x10001008      0x100 ..\obj\TelemetryTask.o
 .bss           0x10001108      0x190 ..\obj\GM862.o
 .bss._daylight
                0x10001298        0x4 c:/program files (x86)/gnu tools arm embedded/4.7 2013q2/bin/../lib/gcc/arm-none-eabi/4.7.4/../../../../arm-none-eabi/lib/armv7-m\libg.a(lib_a-tzvars.o)
                0x10001298                _daylight
 .bss.__malloc_max_total_mem
                0x1000129c        0x4 c:/program files (x86)/gnu tools arm embedded/4.7 2013q2/bin/../lib/gcc/arm-none-eabi/4.7.4/../../../../arm-none-eabi/lib/armv7-m\libg.a(lib_a-mallocr.o)
                0x1000129c                __malloc_max_total_mem
 .bss.__malloc_max_sbrked_mem
                0x100012a0        0x4 c:/program files (x86)/gnu tools arm embedded/4.7 2013q2/bin/../lib/gcc/arm-none-eabi/4.7.4/../../../../arm-none-eabi/lib/armv7-m\libg.a(lib_a-mallocr.o)
                0x100012a0                __malloc_max_sbrked_mem
 .bss.__malloc_top_pad
                0x100012a4        0x4 c:/program files (x86)/gnu tools arm embedded/4.7 2013q2/bin/../lib/gcc/arm-none-eabi/4.7.4/../../../../arm-none-eabi/lib/armv7-m\libg.a(lib_a-mallocr.o)
                0x100012a4                __malloc_top_pad
 .bss.__malloc_current_mallinfo
                0x100012a8       0x28 c:/program files (x86)/gnu tools arm embedded/4.7 2013q2/bin/../lib/gcc/arm-none-eabi/4.7.4/../../../../arm-none-eabi/lib/armv7-m\libg.a(lib_a-mallocr.o)
                0x100012a8                __malloc_current_mallinfo
 *(COMMON)
 COMMON         0x100012d0     0x2001 ..\obj\CanTask.o
                0x100012d0                canTaskStack
                0x100032d0                canTaskId
 *fill*         0x100032d1        0x3 00
 COMMON         0x100032d4     0x4021 ..\obj\main.o
                0x100032d4                telemetryTaskId
                0x100032d8                storageTaskStack
                0x100052d8                _sensorDataQueue
                0x100052f4                telemetryTaskStack
                0x100072f4                storageTaskId
 *fill*         0x100072f5        0x3 00
 COMMON         0x100072f8        0x4 c:/program files (x86)/gnu tools arm embedded/4.7 2013q2/bin/../lib/gcc/arm-none-eabi/4.7.4/../../../../arm-none-eabi/lib/armv7-m\libg.a(lib_a-reent.o)
                0x100072f8                errno
 COMMON         0x100072fc      0x100 c:/program files (x86)/gnu tools arm embedded/4.7 2013q2/bin/../lib/gcc/arm-none-eabi/4.7.4/../../../../arm-none-eabi/lib/armv7-m\libg.a(lib_a-gdtoa-gethex.o)
                0x100072fc                __hexdig
                0x100073fc                . = ALIGN (0x4)
                0x100073fc                _ebss = .

.co_stack       0x100073fc      0x404 load address 0x00017864
                0x10007400                . = ALIGN (0x8)
 *fill*         0x100073fc        0x4 00
 *(.co_stack .co_stack.*)
 .co_stack      0x10007400      0x400 ..\obj\startup_LPC17xx.o
                0x10007400                pulStack
                0x10007800                . = ALIGN (0x4)
                0x10007800                _end = .
LOAD ..\obj\NotificationTask.o
LOAD ..\obj\lpc17xx_can.o
LOAD ..\obj\kernelHeap.o
LOAD ..\obj\SensorDataManager.o
LOAD ..\obj\core.o
LOAD ..\obj\Debug.o
LOAD ..\obj\core_cm3.o
LOAD ..\obj\timer.o
LOAD ..\obj\CanTask.o
LOAD ..\obj\lpc17xx_clkpwr.o
LOAD ..\obj\utility.o
LOAD ..\obj\system_LPC17xx.o
LOAD ..\obj\lpc17xx_uart.o
LOAD ..\obj\task.o
LOAD ..\obj\diskio.o
LOAD ..\obj\serviceReq.o
LOAD ..\obj\lpc17xx_gpdma.o
LOAD ..\obj\main.o
LOAD ..\obj\spi_sd_lpc17xx.o
LOAD ..\obj\lpc17xx_gpio.o
LOAD ..\obj\mbox.o
LOAD ..\obj\mm.o
LOAD ..\obj\startup_LPC17xx.o
LOAD ..\obj\lpc17xx_ssp.o
LOAD ..\obj\ThreadSafeQueue.o
LOAD ..\obj\lpc17xx_libcfg_default.o
LOAD ..\obj\time.o
LOAD ..\obj\event.o
LOAD ..\obj\lpc17xx_pinsel.o
LOAD ..\obj\syscalls.o
LOAD ..\obj\Misc.o
LOAD ..\obj\queue.o
LOAD ..\obj\port.o
LOAD ..\obj\mutex.o
LOAD ..\obj\flag.o
LOAD ..\obj\ff.o
LOAD ..\obj\lpc17xx_rtc.o
LOAD ..\obj\lpc17xx_nvic.o
LOAD ..\obj\arch.o
LOAD ..\obj\StorageTask.o
LOAD ..\obj\TelemetryTask.o
LOAD ..\obj\sem.o
LOAD ..\obj\fattime.o
LOAD ..\obj\hook.o
LOAD ..\obj\GM862.o
START GROUP
LOAD c:/program files (x86)/gnu tools arm embedded/4.7 2013q2/bin/../lib/gcc/arm-none-eabi/4.7.4/armv7-m\libgcc.a
LOAD c:/program files (x86)/gnu tools arm embedded/4.7 2013q2/bin/../lib/gcc/arm-none-eabi/4.7.4/../../../../arm-none-eabi/lib/armv7-m\libg.a
LOAD c:/program files (x86)/gnu tools arm embedded/4.7 2013q2/bin/../lib/gcc/arm-none-eabi/4.7.4/../../../../arm-none-eabi/lib/armv7-m\libc.a
END GROUP
OUTPUT(NHLSolarboatRacing.elf elf32-littlearm)

.debug_info     0x00000000     0xcc2f
 .debug_info    0x00000000     0x11b4 ..\obj\lpc17xx_can.o
 .debug_info    0x000011b4      0x2fd ..\obj\kernelHeap.o
 .debug_info    0x000014b1      0x6a6 ..\obj\SensorDataManager.o
 .debug_info    0x00001b57      0x31f ..\obj\core.o
 .debug_info    0x00001e76      0x963 ..\obj\Debug.o
 .debug_info    0x000027d9      0x40b ..\obj\timer.o
 .debug_info    0x00002be4      0xa8c ..\obj\CanTask.o
 .debug_info    0x00003670      0x65c ..\obj\lpc17xx_clkpwr.o
 .debug_info    0x00003ccc      0x4e7 ..\obj\system_LPC17xx.o
 .debug_info    0x000041b3     0x1154 ..\obj\lpc17xx_uart.o
 .debug_info    0x00005307      0x760 ..\obj\task.o
 .debug_info    0x00005a67      0x203 ..\obj\serviceReq.o
 .debug_info    0x00005c6a      0x5ec ..\obj\main.o
 .debug_info    0x00006256      0xe2f ..\obj\lpc17xx_gpio.o
 .debug_info    0x00007085      0x464 ..\obj\mbox.o
 .debug_info    0x000074e9      0x113 ..\obj\startup_LPC17xx.o
 .debug_info    0x000075fc       0xc6 ..\obj\lpc17xx_libcfg_default.o
 .debug_info    0x000076c2      0x42d ..\obj\time.o
 .debug_info    0x00007aef      0x50c ..\obj\event.o
 .debug_info    0x00007ffb      0x4a5 ..\obj\lpc17xx_pinsel.o
 .debug_info    0x000084a0      0x443 ..\obj\syscalls.o
 .debug_info    0x000088e3      0x5da ..\obj\Misc.o
 .debug_info    0x00008ebd      0x58c ..\obj\queue.o
 .debug_info    0x00009449      0x1be ..\obj\port.o
 .debug_info    0x00009607      0x4d1 ..\obj\mutex.o
 .debug_info    0x00009ad8      0x6b2 ..\obj\flag.o
 .debug_info    0x0000a18a      0xa18 ..\obj\lpc17xx_rtc.o
 .debug_info    0x0000aba2      0x345 ..\obj\arch.o
 .debug_info    0x0000aee7      0x72b ..\obj\TelemetryTask.o
 .debug_info    0x0000b612      0x424 ..\obj\sem.o
 .debug_info    0x0000ba36       0xca ..\obj\hook.o
 .debug_info    0x0000bb00     0x112f ..\obj\GM862.o

.debug_abbrev   0x00000000     0x2e5d
 .debug_abbrev  0x00000000      0x1e9 ..\obj\lpc17xx_can.o
 .debug_abbrev  0x000001e9      0x151 ..\obj\kernelHeap.o
 .debug_abbrev  0x0000033a      0x1c3 ..\obj\SensorDataManager.o
 .debug_abbrev  0x000004fd       0xf7 ..\obj\core.o
 .debug_abbrev  0x000005f4      0x1d2 ..\obj\Debug.o
 .debug_abbrev  0x000007c6      0x196 ..\obj\timer.o
 .debug_abbrev  0x0000095c      0x222 ..\obj\CanTask.o
 .debug_abbrev  0x00000b7e      0x19b ..\obj\lpc17xx_clkpwr.o
 .debug_abbrev  0x00000d19       0xc9 ..\obj\system_LPC17xx.o
 .debug_abbrev  0x00000de2      0x20e ..\obj\lpc17xx_uart.o
 .debug_abbrev  0x00000ff0      0x1f1 ..\obj\task.o
 .debug_abbrev  0x000011e1      0x116 ..\obj\serviceReq.o
 .debug_abbrev  0x000012f7      0x11c ..\obj\main.o
 .debug_abbrev  0x00001413      0x20c ..\obj\lpc17xx_gpio.o
 .debug_abbrev  0x0000161f      0x161 ..\obj\mbox.o
 .debug_abbrev  0x00001780       0xbd ..\obj\startup_LPC17xx.o
 .debug_abbrev  0x0000183d       0x69 ..\obj\lpc17xx_libcfg_default.o
 .debug_abbrev  0x000018a6      0x196 ..\obj\time.o
 .debug_abbrev  0x00001a3c      0x1d6 ..\obj\event.o
 .debug_abbrev  0x00001c12      0x13e ..\obj\lpc17xx_pinsel.o
 .debug_abbrev  0x00001d50       0xe4 ..\obj\syscalls.o
 .debug_abbrev  0x00001e34      0x14a ..\obj\Misc.o
 .debug_abbrev  0x00001f7e      0x181 ..\obj\queue.o
 .debug_abbrev  0x000020ff      0x101 ..\obj\port.o
 .debug_abbrev  0x00002200      0x161 ..\obj\mutex.o
 .debug_abbrev  0x00002361      0x1b3 ..\obj\flag.o
 .debug_abbrev  0x00002514      0x18c ..\obj\lpc17xx_rtc.o
 .debug_abbrev  0x000026a0      0x113 ..\obj\arch.o
 .debug_abbrev  0x000027b3      0x1a0 ..\obj\TelemetryTask.o
 .debug_abbrev  0x00002953      0x143 ..\obj\sem.o
 .debug_abbrev  0x00002a96       0x8c ..\obj\hook.o
 .debug_abbrev  0x00002b22      0x33b ..\obj\GM862.o

.debug_loc      0x00000000     0x3784
 .debug_loc     0x00000000      0x466 ..\obj\lpc17xx_can.o
 .debug_loc     0x00000466       0xd4 ..\obj\kernelHeap.o
 .debug_loc     0x0000053a       0x9c ..\obj\SensorDataManager.o
 .debug_loc     0x000005d6      0x160 ..\obj\core.o
 .debug_loc     0x00000736       0x72 ..\obj\Debug.o
 .debug_loc     0x000007a8      0x224 ..\obj\timer.o
 .debug_loc     0x000009cc      0x118 ..\obj\CanTask.o
 .debug_loc     0x00000ae4      0x1bc ..\obj\lpc17xx_clkpwr.o
 .debug_loc     0x00000ca0       0x58 ..\obj\system_LPC17xx.o
 .debug_loc     0x00000cf8      0x65a ..\obj\lpc17xx_uart.o
 .debug_loc     0x00001352      0x288 ..\obj\task.o
 .debug_loc     0x000015da       0x70 ..\obj\serviceReq.o
 .debug_loc     0x0000164a       0x2c ..\obj\main.o
 .debug_loc     0x00001676      0x620 ..\obj\lpc17xx_gpio.o
 .debug_loc     0x00001c96      0x150 ..\obj\mbox.o
 .debug_loc     0x00001de6       0x90 ..\obj\startup_LPC17xx.o
 .debug_loc     0x00001e76       0x38 ..\obj\lpc17xx_libcfg_default.o
 .debug_loc     0x00001eae      0x1a8 ..\obj\time.o
 .debug_loc     0x00002056      0x188 ..\obj\event.o
 .debug_loc     0x000021de      0x150 ..\obj\lpc17xx_pinsel.o
 .debug_loc     0x0000232e      0x1ec ..\obj\syscalls.o
 .debug_loc     0x0000251a       0x70 ..\obj\Misc.o
 .debug_loc     0x0000258a      0x150 ..\obj\queue.o
 .debug_loc     0x000026da       0xc8 ..\obj\port.o
 .debug_loc     0x000027a2       0xe0 ..\obj\mutex.o
 .debug_loc     0x00002882      0x2a0 ..\obj\flag.o
 .debug_loc     0x00002b22      0x460 ..\obj\lpc17xx_rtc.o
 .debug_loc     0x00002f82       0x64 ..\obj\arch.o
 .debug_loc     0x00002fe6       0x70 ..\obj\TelemetryTask.o
 .debug_loc     0x00003056      0x150 ..\obj\sem.o
 .debug_loc     0x000031a6       0x70 ..\obj\hook.o
 .debug_loc     0x00003216      0x56e ..\obj\GM862.o

.debug_aranges  0x00000000      0xb38
 .debug_aranges
                0x00000000       0xb8 ..\obj\lpc17xx_can.o
 .debug_aranges
                0x000000b8       0x38 ..\obj\kernelHeap.o
 .debug_aranges
                0x000000f0       0x30 ..\obj\SensorDataManager.o
 .debug_aranges
                0x00000120       0x58 ..\obj\core.o
 .debug_aranges
                0x00000178       0x28 ..\obj\Debug.o
 .debug_aranges
                0x000001a0       0x68 ..\obj\timer.o
 .debug_aranges
                0x00000208       0x40 ..\obj\CanTask.o
 .debug_aranges
                0x00000248       0x60 ..\obj\lpc17xx_clkpwr.o
 .debug_aranges
                0x000002a8       0x28 ..\obj\system_LPC17xx.o
 .debug_aranges
                0x000002d0      0x100 ..\obj\lpc17xx_uart.o
 .debug_aranges
                0x000003d0       0x78 ..\obj\task.o
 .debug_aranges
                0x00000448       0x28 ..\obj\serviceReq.o
 .debug_aranges
                0x00000470       0x20 ..\obj\main.o
 .debug_aranges
                0x00000490       0xf8 ..\obj\lpc17xx_gpio.o
 .debug_aranges
                0x00000588       0x48 ..\obj\mbox.o
 .debug_aranges
                0x000005d0       0x30 ..\obj\startup_LPC17xx.o
 .debug_aranges
                0x00000600       0x20 ..\obj\lpc17xx_libcfg_default.o
 .debug_aranges
                0x00000620       0x58 ..\obj\time.o
 .debug_aranges
                0x00000678       0x50 ..\obj\event.o
 .debug_aranges
                0x000006c8       0x48 ..\obj\lpc17xx_pinsel.o
 .debug_aranges
                0x00000710       0x60 ..\obj\syscalls.o
 .debug_aranges
                0x00000770       0x28 ..\obj\Misc.o
 .debug_aranges
                0x00000798       0x48 ..\obj\queue.o
 .debug_aranges
                0x000007e0       0x50 ..\obj\port.o
 .debug_aranges
                0x00000830       0x38 ..\obj\mutex.o
 .debug_aranges
                0x00000868       0x78 ..\obj\flag.o
 .debug_aranges
                0x000008e0       0xb8 ..\obj\lpc17xx_rtc.o
 .debug_aranges
                0x00000998       0x28 ..\obj\arch.o
 .debug_aranges
                0x000009c0       0x28 ..\obj\TelemetryTask.o
 .debug_aranges
                0x000009e8       0x48 ..\obj\sem.o
 .debug_aranges
                0x00000a30       0x28 ..\obj\hook.o
 .debug_aranges
                0x00000a58       0xe0 ..\obj\GM862.o

.debug_ranges   0x00000000      0x958
 .debug_ranges  0x00000000       0xa8 ..\obj\lpc17xx_can.o
 .debug_ranges  0x000000a8       0x28 ..\obj\kernelHeap.o
 .debug_ranges  0x000000d0       0x20 ..\obj\SensorDataManager.o
 .debug_ranges  0x000000f0       0x48 ..\obj\core.o
 .debug_ranges  0x00000138       0x18 ..\obj\Debug.o
 .debug_ranges  0x00000150       0x58 ..\obj\timer.o
 .debug_ranges  0x000001a8       0x30 ..\obj\CanTask.o
 .debug_ranges  0x000001d8       0x50 ..\obj\lpc17xx_clkpwr.o
 .debug_ranges  0x00000228       0x18 ..\obj\system_LPC17xx.o
 .debug_ranges  0x00000240       0xf0 ..\obj\lpc17xx_uart.o
 .debug_ranges  0x00000330       0x68 ..\obj\task.o
 .debug_ranges  0x00000398       0x18 ..\obj\serviceReq.o
 .debug_ranges  0x000003b0       0x10 ..\obj\main.o
 .debug_ranges  0x000003c0       0xe8 ..\obj\lpc17xx_gpio.o
 .debug_ranges  0x000004a8       0x38 ..\obj\mbox.o
 .debug_ranges  0x000004e0       0x20 ..\obj\startup_LPC17xx.o
 .debug_ranges  0x00000500       0x10 ..\obj\lpc17xx_libcfg_default.o
 .debug_ranges  0x00000510       0x48 ..\obj\time.o
 .debug_ranges  0x00000558       0x40 ..\obj\event.o
 .debug_ranges  0x00000598       0x38 ..\obj\lpc17xx_pinsel.o
 .debug_ranges  0x000005d0       0x50 ..\obj\syscalls.o
 .debug_ranges  0x00000620       0x18 ..\obj\Misc.o
 .debug_ranges  0x00000638       0x38 ..\obj\queue.o
 .debug_ranges  0x00000670       0x40 ..\obj\port.o
 .debug_ranges  0x000006b0       0x28 ..\obj\mutex.o
 .debug_ranges  0x000006d8       0x68 ..\obj\flag.o
 .debug_ranges  0x00000740       0xa8 ..\obj\lpc17xx_rtc.o
 .debug_ranges  0x000007e8       0x18 ..\obj\arch.o
 .debug_ranges  0x00000800       0x18 ..\obj\TelemetryTask.o
 .debug_ranges  0x00000818       0x38 ..\obj\sem.o
 .debug_ranges  0x00000850       0x18 ..\obj\hook.o
 .debug_ranges  0x00000868       0xf0 ..\obj\GM862.o

.debug_line     0x00000000     0x6ef1
 .debug_line    0x00000000      0xb63 ..\obj\lpc17xx_can.o
 .debug_line    0x00000b63      0x209 ..\obj\kernelHeap.o
 .debug_line    0x00000d6c      0x3d8 ..\obj\SensorDataManager.o
 .debug_line    0x00001144      0x17c ..\obj\core.o
 .debug_line    0x000012c0      0x411 ..\obj\Debug.o
 .debug_line    0x000016d1      0x257 ..\obj\timer.o
 .debug_line    0x00001928      0x458 ..\obj\CanTask.o
 .debug_line    0x00001d80      0x40e ..\obj\lpc17xx_clkpwr.o
 .debug_line    0x0000218e      0x26b ..\obj\system_LPC17xx.o
 .debug_line    0x000023f9      0xa11 ..\obj\lpc17xx_uart.o
 .debug_line    0x00002e0a      0x39d ..\obj\task.o
 .debug_line    0x000031a7      0x12b ..\obj\serviceReq.o
 .debug_line    0x000032d2      0x486 ..\obj\main.o
 .debug_line    0x00003758      0x5d6 ..\obj\lpc17xx_gpio.o
 .debug_line    0x00003d2e      0x18e ..\obj\mbox.o
 .debug_line    0x00003ebc      0x106 ..\obj\startup_LPC17xx.o
 .debug_line    0x00003fc2      0x166 ..\obj\lpc17xx_libcfg_default.o
 .debug_line    0x00004128      0x28c ..\obj\time.o
 .debug_line    0x000043b4      0x212 ..\obj\event.o
 .debug_line    0x000045c6      0x3ad ..\obj\lpc17xx_pinsel.o
 .debug_line    0x00004973      0x1f5 ..\obj\syscalls.o
 .debug_line    0x00004b68      0x3c6 ..\obj\Misc.o
 .debug_line    0x00004f2e      0x1d3 ..\obj\queue.o
 .debug_line    0x00005101      0x1d2 ..\obj\port.o
 .debug_line    0x000052d3      0x1bc ..\obj\mutex.o
 .debug_line    0x0000548f      0x2bc ..\obj\flag.o
 .debug_line    0x0000574b      0x79c ..\obj\lpc17xx_rtc.o
 .debug_line    0x00005ee7      0x19f ..\obj\arch.o
 .debug_line    0x00006086      0x4be ..\obj\TelemetryTask.o
 .debug_line    0x00006544      0x186 ..\obj\sem.o
 .debug_line    0x000066ca       0xe1 ..\obj\hook.o
 .debug_line    0x000067ab      0x746 ..\obj\GM862.o

.debug_str      0x00000000     0x4c84
 .debug_str     0x00000000      0xa20 ..\obj\lpc17xx_can.o
                                0xa9a (size before relaxing)
 .debug_str     0x00000a20      0x193 ..\obj\kernelHeap.o
                                0x259 (size before relaxing)
 .debug_str     0x00000bb3      0x5f8 ..\obj\SensorDataManager.o
                                0x76a (size before relaxing)
 .debug_str     0x000011ab      0x1cb ..\obj\core.o
                                0x2a8 (size before relaxing)
 .debug_str     0x00001376      0x4a1 ..\obj\Debug.o
                                0x6b1 (size before relaxing)
 .debug_str     0x00001817      0x198 ..\obj\timer.o
                                0x296 (size before relaxing)
 .debug_str     0x000019af      0x374 ..\obj\CanTask.o
                                0x783 (size before relaxing)
 .debug_str     0x00001d23      0x2a1 ..\obj\lpc17xx_clkpwr.o
                                0x41c (size before relaxing)
 .debug_str     0x00001fc4       0xb9 ..\obj\system_LPC17xx.o
                                0x355 (size before relaxing)
 .debug_str     0x0000207d      0x7c5 ..\obj\lpc17xx_uart.o
                                0xbce (size before relaxing)
 .debug_str     0x00002842      0x27c ..\obj\task.o
                                0x447 (size before relaxing)
 .debug_str     0x00002abe       0xf4 ..\obj\serviceReq.o
                                0x1ce (size before relaxing)
 .debug_str     0x00002bb2      0x16d ..\obj\main.o
                                0x50c (size before relaxing)
 .debug_str     0x00002d1f      0x4ac ..\obj\lpc17xx_gpio.o
                                0x5e1 (size before relaxing)
 .debug_str     0x000031cb       0xe6 ..\obj\mbox.o
                                0x2e9 (size before relaxing)
 .debug_str     0x000032b1      0x10e ..\obj\startup_LPC17xx.o
                                0x172 (size before relaxing)
 .debug_str     0x000033bf       0xbf ..\obj\lpc17xx_libcfg_default.o
                                0x1a2 (size before relaxing)
 .debug_str     0x0000347e      0x125 ..\obj\time.o
                                0x305 (size before relaxing)
 .debug_str     0x000035a3      0x139 ..\obj\event.o
                                0x350 (size before relaxing)
 .debug_str     0x000036dc      0x291 ..\obj\lpc17xx_pinsel.o
                                0x3f5 (size before relaxing)
 .debug_str     0x0000396d      0x1b2 ..\obj\syscalls.o
                                0x352 (size before relaxing)
 .debug_str     0x00003b1f      0x10a ..\obj\Misc.o
                                0x454 (size before relaxing)
 .debug_str     0x00003c29      0x104 ..\obj\queue.o
                                0x34d (size before relaxing)
 .debug_str     0x00003d2d      0x11a ..\obj\port.o
                                0x1e8 (size before relaxing)
 .debug_str     0x00003e47       0xe2 ..\obj\mutex.o
                                0x358 (size before relaxing)
 .debug_str     0x00003f29      0x205 ..\obj\flag.o
                                0x3c6 (size before relaxing)
 .debug_str     0x0000412e      0x320 ..\obj\lpc17xx_rtc.o
                                0x60b (size before relaxing)
 .debug_str     0x0000444e       0xbf ..\obj\arch.o
                                0x2c8 (size before relaxing)
 .debug_str     0x0000450d      0x20f ..\obj\TelemetryTask.o
                                0x67e (size before relaxing)
 .debug_str     0x0000471c       0xde ..\obj\sem.o
                                0x2ec (size before relaxing)
 .debug_str     0x000047fa       0xac ..\obj\hook.o
                                0x17b (size before relaxing)
 .debug_str     0x000048a6      0x3de ..\obj\GM862.o
                                0xcfd (size before relaxing)

.comment        0x00000000       0x70
 .comment       0x00000000       0x70 ..\obj\lpc17xx_can.o
                                 0x71 (size before relaxing)
 .comment       0x00000000       0x71 ..\obj\kernelHeap.o
 .comment       0x00000000       0x71 ..\obj\SensorDataManager.o
 .comment       0x00000000       0x71 ..\obj\core.o
 .comment       0x00000000       0x71 ..\obj\Debug.o
 .comment       0x00000000       0x71 ..\obj\timer.o
 .comment       0x00000000       0x71 ..\obj\CanTask.o
 .comment       0x00000000       0x71 ..\obj\lpc17xx_clkpwr.o
 .comment       0x00000000       0x71 ..\obj\system_LPC17xx.o
 .comment       0x00000000       0x71 ..\obj\lpc17xx_uart.o
 .comment       0x00000000       0x71 ..\obj\task.o
 .comment       0x00000000       0x71 ..\obj\serviceReq.o
 .comment       0x00000000       0x71 ..\obj\main.o
 .comment       0x00000000       0x71 ..\obj\lpc17xx_gpio.o
 .comment       0x00000000       0x71 ..\obj\mbox.o
 .comment       0x00000000       0x71 ..\obj\startup_LPC17xx.o
 .comment       0x00000000       0x71 ..\obj\lpc17xx_libcfg_default.o
 .comment       0x00000000       0x71 ..\obj\time.o
 .comment       0x00000000       0x71 ..\obj\event.o
 .comment       0x00000000       0x71 ..\obj\lpc17xx_pinsel.o
 .comment       0x00000000       0x71 ..\obj\syscalls.o
 .comment       0x00000000       0x71 ..\obj\Misc.o
 .comment       0x00000000       0x71 ..\obj\queue.o
 .comment       0x00000000       0x71 ..\obj\port.o
 .comment       0x00000000       0x71 ..\obj\mutex.o
 .comment       0x00000000       0x71 ..\obj\flag.o
 .comment       0x00000000       0x71 ..\obj\lpc17xx_rtc.o
 .comment       0x00000000       0x71 ..\obj\arch.o
 .comment       0x00000000       0x71 ..\obj\TelemetryTask.o
 .comment       0x00000000       0x71 ..\obj\sem.o
 .comment       0x00000000       0x71 ..\obj\hook.o
 .comment       0x00000000       0x71 ..\obj\GM862.o

.ARM.attributes
                0x00000000       0x33
 .ARM.attributes
                0x00000000       0x33 ..\obj\lpc17xx_can.o
 .ARM.attributes
                0x00000033       0x33 ..\obj\kernelHeap.o
 .ARM.attributes
                0x00000066       0x33 ..\obj\SensorDataManager.o
 .ARM.attributes
                0x00000099       0x33 ..\obj\core.o
 .ARM.attributes
                0x000000cc       0x33 ..\obj\Debug.o
 .ARM.attributes
                0x000000ff       0x33 ..\obj\timer.o
 .ARM.attributes
                0x00000132       0x33 ..\obj\CanTask.o
 .ARM.attributes
                0x00000165       0x33 ..\obj\lpc17xx_clkpwr.o
 .ARM.attributes
                0x00000198       0x33 ..\obj\system_LPC17xx.o
 .ARM.attributes
                0x000001cb       0x33 ..\obj\lpc17xx_uart.o
 .ARM.attributes
                0x000001fe       0x33 ..\obj\task.o
 .ARM.attributes
                0x00000231       0x33 ..\obj\serviceReq.o
 .ARM.attributes
                0x00000264       0x33 ..\obj\main.o
 .ARM.attributes
                0x00000297       0x33 ..\obj\lpc17xx_gpio.o
 .ARM.attributes
                0x000002ca       0x33 ..\obj\mbox.o
 .ARM.attributes
                0x000002fd       0x33 ..\obj\startup_LPC17xx.o
 .ARM.attributes
                0x00000330       0x33 ..\obj\lpc17xx_libcfg_default.o
 .ARM.attributes
                0x00000363       0x33 ..\obj\time.o
 .ARM.attributes
                0x00000396       0x33 ..\obj\event.o
 .ARM.attributes
                0x000003c9       0x33 ..\obj\lpc17xx_pinsel.o
 .ARM.attributes
                0x000003fc       0x33 ..\obj\syscalls.o
 .ARM.attributes
                0x0000042f       0x33 ..\obj\Misc.o
 .ARM.attributes
                0x00000462       0x33 ..\obj\queue.o
 .ARM.attributes
                0x00000495       0x33 ..\obj\port.o
 .ARM.attributes
                0x000004c8       0x33 ..\obj\mutex.o
 .ARM.attributes
                0x000004fb       0x33 ..\obj\flag.o
 .ARM.attributes
                0x0000052e       0x33 ..\obj\lpc17xx_rtc.o
 .ARM.attributes
                0x00000561       0x33 ..\obj\arch.o
 .ARM.attributes
                0x00000594       0x33 ..\obj\TelemetryTask.o
 .ARM.attributes
                0x000005c7       0x33 ..\obj\sem.o
 .ARM.attributes
                0x000005fa       0x33 ..\obj\hook.o
 .ARM.attributes
                0x0000062d       0x33 ..\obj\GM862.o
 .ARM.attributes
                0x00000660       0x1d c:/program files (x86)/gnu tools arm embedded/4.7 2013q2/bin/../lib/gcc/arm-none-eabi/4.7.4/armv7-m\libgcc.a(_arm_muldivdf3.o)
 .ARM.attributes
                0x0000067d       0x1d c:/program files (x86)/gnu tools arm embedded/4.7 2013q2/bin/../lib/gcc/arm-none-eabi/4.7.4/armv7-m\libgcc.a(_arm_fixunsdfsi.o)
 .ARM.attributes
                0x0000069a       0x2d c:/program files (x86)/gnu tools arm embedded/4.7 2013q2/bin/../lib/gcc/arm-none-eabi/4.7.4/../../../../arm-none-eabi/lib/armv7-m\libg.a(lib_a-memcpy.o)
 .ARM.attributes
                0x000006c7       0x2d c:/program files (x86)/gnu tools arm embedded/4.7 2013q2/bin/../lib/gcc/arm-none-eabi/4.7.4/../../../../arm-none-eabi/lib/armv7-m\libg.a(lib_a-mktime.o)
 .ARM.attributes
                0x000006f4       0x2d c:/program files (x86)/gnu tools arm embedded/4.7 2013q2/bin/../lib/gcc/arm-none-eabi/4.7.4/../../../../arm-none-eabi/lib/armv7-m\libg.a(lib_a-mktm_r.o)
 .ARM.attributes
                0x00000721       0x2d c:/program files (x86)/gnu tools arm embedded/4.7 2013q2/bin/../lib/gcc/arm-none-eabi/4.7.4/../../../../arm-none-eabi/lib/armv7-m\libg.a(lib_a-sprintf.o)
 .ARM.attributes
                0x0000074e       0x2d c:/program files (x86)/gnu tools arm embedded/4.7 2013q2/bin/../lib/gcc/arm-none-eabi/4.7.4/../../../../arm-none-eabi/lib/armv7-m\libg.a(lib_a-strlen.o)
 .ARM.attributes
                0x0000077b       0x2d c:/program files (x86)/gnu tools arm embedded/4.7 2013q2/bin/../lib/gcc/arm-none-eabi/4.7.4/../../../../arm-none-eabi/lib/armv7-m\libg.a(lib_a-svfprintf.o)
 .ARM.attributes
                0x000007a8       0x2d c:/program files (x86)/gnu tools arm embedded/4.7 2013q2/bin/../lib/gcc/arm-none-eabi/4.7.4/../../../../arm-none-eabi/lib/armv7-m\libg.a(lib_a-tzvars.o)
 .ARM.attributes
                0x000007d5       0x2d c:/program files (x86)/gnu tools arm embedded/4.7 2013q2/bin/../lib/gcc/arm-none-eabi/4.7.4/../../../../arm-none-eabi/lib/armv7-m\libg.a(lib_a-vsprintf.o)
 .ARM.attributes
                0x00000802       0x2d c:/program files (x86)/gnu tools arm embedded/4.7 2013q2/bin/../lib/gcc/arm-none-eabi/4.7.4/../../../../arm-none-eabi/lib/armv7-m\libg.a(lib_a-vsscanf.o)
 .ARM.attributes
                0x0000082f       0x2d c:/program files (x86)/gnu tools arm embedded/4.7 2013q2/bin/../lib/gcc/arm-none-eabi/4.7.4/../../../../arm-none-eabi/lib/armv7-m\libg.a(lib_a-div.o)
 .ARM.attributes
                0x0000085c       0x2d c:/program files (x86)/gnu tools arm embedded/4.7 2013q2/bin/../lib/gcc/arm-none-eabi/4.7.4/../../../../arm-none-eabi/lib/armv7-m\libg.a(lib_a-dtoa.o)
 .ARM.attributes
                0x00000889       0x2d c:/program files (x86)/gnu tools arm embedded/4.7 2013q2/bin/../lib/gcc/arm-none-eabi/4.7.4/../../../../arm-none-eabi/lib/armv7-m\libg.a(lib_a-gettzinfo.o)
 .ARM.attributes
                0x000008b6       0x2d c:/program files (x86)/gnu tools arm embedded/4.7 2013q2/bin/../lib/gcc/arm-none-eabi/4.7.4/../../../../arm-none-eabi/lib/armv7-m\libg.a(lib_a-impure.o)
 .ARM.attributes
                0x000008e3       0x2d c:/program files (x86)/gnu tools arm embedded/4.7 2013q2/bin/../lib/gcc/arm-none-eabi/4.7.4/../../../../arm-none-eabi/lib/armv7-m\libg.a(lib_a-locale.o)
 .ARM.attributes
                0x00000910       0x2d c:/program files (x86)/gnu tools arm embedded/4.7 2013q2/bin/../lib/gcc/arm-none-eabi/4.7.4/../../../../arm-none-eabi/lib/armv7-m\libg.a(lib_a-mallocr.o)
 .ARM.attributes
                0x0000093d       0x2d c:/program files (x86)/gnu tools arm embedded/4.7 2013q2/bin/../lib/gcc/arm-none-eabi/4.7.4/../../../../arm-none-eabi/lib/armv7-m\libg.a(lib_a-memchr.o)
 .ARM.attributes
                0x0000096a       0x2d c:/program files (x86)/gnu tools arm embedded/4.7 2013q2/bin/../lib/gcc/arm-none-eabi/4.7.4/../../../../arm-none-eabi/lib/armv7-m\libg.a(lib_a-mlock.o)
 .ARM.attributes
                0x00000997       0x2d c:/program files (x86)/gnu tools arm embedded/4.7 2013q2/bin/../lib/gcc/arm-none-eabi/4.7.4/../../../../arm-none-eabi/lib/armv7-m\libg.a(lib_a-mprec.o)
 .ARM.attributes
                0x000009c4       0x2d c:/program files (x86)/gnu tools arm embedded/4.7 2013q2/bin/../lib/gcc/arm-none-eabi/4.7.4/../../../../arm-none-eabi/lib/armv7-m\libg.a(lib_a-s_fpclassify.o)
 .ARM.attributes
                0x000009f1       0x2d c:/program files (x86)/gnu tools arm embedded/4.7 2013q2/bin/../lib/gcc/arm-none-eabi/4.7.4/../../../../arm-none-eabi/lib/armv7-m\libg.a(lib_a-sbrkr.o)
 .ARM.attributes
                0x00000a1e       0x2d c:/program files (x86)/gnu tools arm embedded/4.7 2013q2/bin/../lib/gcc/arm-none-eabi/4.7.4/../../../../arm-none-eabi/lib/armv7-m\libg.a(lib_a-stdio.o)
 .ARM.attributes
                0x00000a4b       0x2d c:/program files (x86)/gnu tools arm embedded/4.7 2013q2/bin/../lib/gcc/arm-none-eabi/4.7.4/../../../../arm-none-eabi/lib/armv7-m\libg.a(lib_a-svfiprintf.o)
 .ARM.attributes
                0x00000a78       0x2d c:/program files (x86)/gnu tools arm embedded/4.7 2013q2/bin/../lib/gcc/arm-none-eabi/4.7.4/../../../../arm-none-eabi/lib/armv7-m\libg.a(lib_a-svfscanf.o)
 .ARM.attributes
                0x00000aa5       0x2d c:/program files (x86)/gnu tools arm embedded/4.7 2013q2/bin/../lib/gcc/arm-none-eabi/4.7.4/../../../../arm-none-eabi/lib/armv7-m\libg.a(lib_a-callocr.o)
 .ARM.attributes
                0x00000ad2       0x2d c:/program files (x86)/gnu tools arm embedded/4.7 2013q2/bin/../lib/gcc/arm-none-eabi/4.7.4/../../../../arm-none-eabi/lib/armv7-m\libg.a(lib_a-ctype_.o)
 .ARM.attributes
                0x00000aff       0x2d c:/program files (x86)/gnu tools arm embedded/4.7 2013q2/bin/../lib/gcc/arm-none-eabi/4.7.4/../../../../arm-none-eabi/lib/armv7-m\libg.a(lib_a-findfp.o)
 .ARM.attributes
                0x00000b2c       0x2d c:/program files (x86)/gnu tools arm embedded/4.7 2013q2/bin/../lib/gcc/arm-none-eabi/4.7.4/../../../../arm-none-eabi/lib/armv7-m\libg.a(lib_a-freer.o)
 .ARM.attributes
                0x00000b59       0x2d c:/program files (x86)/gnu tools arm embedded/4.7 2013q2/bin/../lib/gcc/arm-none-eabi/4.7.4/../../../../arm-none-eabi/lib/armv7-m\libg.a(lib_a-iswspace.o)
 .ARM.attributes
                0x00000b86       0x2d c:/program files (x86)/gnu tools arm embedded/4.7 2013q2/bin/../lib/gcc/arm-none-eabi/4.7.4/../../../../arm-none-eabi/lib/armv7-m\libg.a(lib_a-mbrtowc.o)
 .ARM.attributes
                0x00000bb3       0x2d c:/program files (x86)/gnu tools arm embedded/4.7 2013q2/bin/../lib/gcc/arm-none-eabi/4.7.4/../../../../arm-none-eabi/lib/armv7-m\libg.a(lib_a-mbtowc_r.o)
 .ARM.attributes
                0x00000be0       0x2d c:/program files (x86)/gnu tools arm embedded/4.7 2013q2/bin/../lib/gcc/arm-none-eabi/4.7.4/../../../../arm-none-eabi/lib/armv7-m\libg.a(lib_a-memmove.o)
 .ARM.attributes
                0x00000c0d       0x2d c:/program files (x86)/gnu tools arm embedded/4.7 2013q2/bin/../lib/gcc/arm-none-eabi/4.7.4/../../../../arm-none-eabi/lib/armv7-m\libg.a(lib_a-memset.o)
 .ARM.attributes
                0x00000c3a       0x2d c:/program files (x86)/gnu tools arm embedded/4.7 2013q2/bin/../lib/gcc/arm-none-eabi/4.7.4/../../../../arm-none-eabi/lib/armv7-m\libg.a(lib_a-reallocr.o)
 .ARM.attributes
                0x00000c67       0x2d c:/program files (x86)/gnu tools arm embedded/4.7 2013q2/bin/../lib/gcc/arm-none-eabi/4.7.4/../../../../arm-none-eabi/lib/armv7-m\libg.a(lib_a-reent.o)
 .ARM.attributes
                0x00000c94       0x2d c:/program files (x86)/gnu tools arm embedded/4.7 2013q2/bin/../lib/gcc/arm-none-eabi/4.7.4/../../../../arm-none-eabi/lib/armv7-m\libg.a(lib_a-sccl.o)
 .ARM.attributes
                0x00000cc1       0x2d c:/program files (x86)/gnu tools arm embedded/4.7 2013q2/bin/../lib/gcc/arm-none-eabi/4.7.4/../../../../arm-none-eabi/lib/armv7-m\libg.a(lib_a-sf_nan.o)
 .ARM.attributes
                0x00000cee       0x2d c:/program files (x86)/gnu tools arm embedded/4.7 2013q2/bin/../lib/gcc/arm-none-eabi/4.7.4/../../../../arm-none-eabi/lib/armv7-m\libg.a(lib_a-strtod.o)
 .ARM.attributes
                0x00000d1b       0x2d c:/program files (x86)/gnu tools arm embedded/4.7 2013q2/bin/../lib/gcc/arm-none-eabi/4.7.4/../../../../arm-none-eabi/lib/armv7-m\libg.a(lib_a-strtol.o)
 .ARM.attributes
                0x00000d48       0x2d c:/program files (x86)/gnu tools arm embedded/4.7 2013q2/bin/../lib/gcc/arm-none-eabi/4.7.4/../../../../arm-none-eabi/lib/armv7-m\libg.a(lib_a-strtoll_r.o)
 .ARM.attributes
                0x00000d75       0x2d c:/program files (x86)/gnu tools arm embedded/4.7 2013q2/bin/../lib/gcc/arm-none-eabi/4.7.4/../../../../arm-none-eabi/lib/armv7-m\libg.a(lib_a-strtoul.o)
 .ARM.attributes
                0x00000da2       0x2d c:/program files (x86)/gnu tools arm embedded/4.7 2013q2/bin/../lib/gcc/arm-none-eabi/4.7.4/../../../../arm-none-eabi/lib/armv7-m\libg.a(lib_a-strtoull_r.o)
 .ARM.attributes
                0x00000dcf       0x2d c:/program files (x86)/gnu tools arm embedded/4.7 2013q2/bin/../lib/gcc/arm-none-eabi/4.7.4/../../../../arm-none-eabi/lib/armv7-m\libg.a(lib_a-svfiscanf.o)
 .ARM.attributes
                0x00000dfc       0x2d c:/program files (x86)/gnu tools arm embedded/4.7 2013q2/bin/../lib/gcc/arm-none-eabi/4.7.4/../../../../arm-none-eabi/lib/armv7-m\libg.a(lib_a-ungetc.o)
 .ARM.attributes
                0x00000e29       0x2d c:/program files (x86)/gnu tools arm embedded/4.7 2013q2/bin/../lib/gcc/arm-none-eabi/4.7.4/../../../../arm-none-eabi/lib/armv7-m\libg.a(lib_a-gdtoa-gethex.o)
 .ARM.attributes
                0x00000e56       0x2d c:/program files (x86)/gnu tools arm embedded/4.7 2013q2/bin/../lib/gcc/arm-none-eabi/4.7.4/../../../../arm-none-eabi/lib/armv7-m\libg.a(lib_a-gdtoa-hexnan.o)
 .ARM.attributes
                0x00000e83       0x2d c:/program files (x86)/gnu tools arm embedded/4.7 2013q2/bin/../lib/gcc/arm-none-eabi/4.7.4/../../../../arm-none-eabi/lib/armv7-m\libg.a(lib_a-strncmp.o)
 .ARM.attributes
                0x00000eb0       0x1d c:/program files (x86)/gnu tools arm embedded/4.7 2013q2/bin/../lib/gcc/arm-none-eabi/4.7.4/armv7-m\libgcc.a(_arm_addsubdf3.o)
 .ARM.attributes
                0x00000ecd       0x1d c:/program files (x86)/gnu tools arm embedded/4.7 2013q2/bin/../lib/gcc/arm-none-eabi/4.7.4/armv7-m\libgcc.a(_arm_cmpdf2.o)
 .ARM.attributes
                0x00000eea       0x1d c:/program files (x86)/gnu tools arm embedded/4.7 2013q2/bin/../lib/gcc/arm-none-eabi/4.7.4/armv7-m\libgcc.a(_arm_fixdfsi.o)
 .ARM.attributes
                0x00000f07       0x1d c:/program files (x86)/gnu tools arm embedded/4.7 2013q2/bin/../lib/gcc/arm-none-eabi/4.7.4/armv7-m\libgcc.a(_arm_truncdfsf2.o)
 .ARM.attributes
                0x00000f24       0x1d c:/program files (x86)/gnu tools arm embedded/4.7 2013q2/bin/../lib/gcc/arm-none-eabi/4.7.4/armv7-m\libgcc.a(_aeabi_uldivmod.o)
 .ARM.attributes
                0x00000f41       0x2d c:/program files (x86)/gnu tools arm embedded/4.7 2013q2/bin/../lib/gcc/arm-none-eabi/4.7.4/armv7-m\libgcc.a(bpabi.o)
 .ARM.attributes
                0x00000f6e       0x1d c:/program files (x86)/gnu tools arm embedded/4.7 2013q2/bin/../lib/gcc/arm-none-eabi/4.7.4/armv7-m\libgcc.a(_dvmd_tls.o)
 .ARM.attributes
                0x00000f8b       0x2d c:/program files (x86)/gnu tools arm embedded/4.7 2013q2/bin/../lib/gcc/arm-none-eabi/4.7.4/armv7-m\libgcc.a(_divdi3.o)
 .ARM.attributes
                0x00000fb8       0x2d c:/program files (x86)/gnu tools arm embedded/4.7 2013q2/bin/../lib/gcc/arm-none-eabi/4.7.4/armv7-m\libgcc.a(_udivdi3.o)

.debug_frame    0x00000000     0x30cc
 .debug_frame   0x00000000      0x294 ..\obj\lpc17xx_can.o
 .debug_frame   0x00000294       0x84 ..\obj\kernelHeap.o
 .debug_frame   0x00000318       0x6c ..\obj\SensorDataManager.o
 .debug_frame   0x00000384       0xe8 ..\obj\core.o
 .debug_frame   0x0000046c       0x50 ..\obj\Debug.o
 .debug_frame   0x000004bc      0x148 ..\obj\timer.o
 .debug_frame   0x00000604       0xac ..\obj\CanTask.o
 .debug_frame   0x000006b0      0x10c ..\obj\lpc17xx_clkpwr.o
 .debug_frame   0x000007bc       0x40 ..\obj\system_LPC17xx.o
 .debug_frame   0x000007fc      0x3a0 ..\obj\lpc17xx_uart.o
 .debug_frame   0x00000b9c      0x178 ..\obj\task.o
 .debug_frame   0x00000d14       0x50 ..\obj\serviceReq.o
 .debug_frame   0x00000d64       0x2c ..\obj\main.o
 .debug_frame   0x00000d90      0x378 ..\obj\lpc17xx_gpio.o
 .debug_frame   0x00001108       0xd0 ..\obj\mbox.o
 .debug_frame   0x000011d8       0x60 ..\obj\startup_LPC17xx.o
 .debug_frame   0x00001238       0x2c ..\obj\lpc17xx_libcfg_default.o
 .debug_frame   0x00001264       0xfc ..\obj\time.o
 .debug_frame   0x00001360       0xe8 ..\obj\event.o
 .debug_frame   0x00001448       0xbc ..\obj\lpc17xx_pinsel.o
 .debug_frame   0x00001504      0x108 ..\obj\syscalls.o
 .debug_frame   0x0000160c       0x4c ..\obj\Misc.o
 .debug_frame   0x00001658       0xd0 ..\obj\queue.o
 .debug_frame   0x00001728       0xb0 ..\obj\port.o
 .debug_frame   0x000017d8       0x90 ..\obj\mutex.o
 .debug_frame   0x00001868      0x184 ..\obj\flag.o
 .debug_frame   0x000019ec      0x28c ..\obj\lpc17xx_rtc.o
 .debug_frame   0x00001c78       0x48 ..\obj\arch.o
 .debug_frame   0x00001cc0       0x50 ..\obj\TelemetryTask.o
 .debug_frame   0x00001d10       0xd0 ..\obj\sem.o
 .debug_frame   0x00001de0       0x48 ..\obj\hook.o
 .debug_frame   0x00001e28      0x328 ..\obj\GM862.o
 .debug_frame   0x00002150       0x30 c:/program files (x86)/gnu tools arm embedded/4.7 2013q2/bin/../lib/gcc/arm-none-eabi/4.7.4/../../../../arm-none-eabi/lib/armv7-m\libg.a(lib_a-memcpy.o)
 .debug_frame   0x00002180       0x5c c:/program files (x86)/gnu tools arm embedded/4.7 2013q2/bin/../lib/gcc/arm-none-eabi/4.7.4/../../../../arm-none-eabi/lib/armv7-m\libg.a(lib_a-mktime.o)
 .debug_frame   0x000021dc       0x60 c:/program files (x86)/gnu tools arm embedded/4.7 2013q2/bin/../lib/gcc/arm-none-eabi/4.7.4/../../../../arm-none-eabi/lib/armv7-m\libg.a(lib_a-mktm_r.o)
 .debug_frame   0x0000223c       0x64 c:/program files (x86)/gnu tools arm embedded/4.7 2013q2/bin/../lib/gcc/arm-none-eabi/4.7.4/../../../../arm-none-eabi/lib/armv7-m\libg.a(lib_a-sprintf.o)
 .debug_frame   0x000022a0       0x20 c:/program files (x86)/gnu tools arm embedded/4.7 2013q2/bin/../lib/gcc/arm-none-eabi/4.7.4/../../../../arm-none-eabi/lib/armv7-m\libg.a(lib_a-strlen.o)
 .debug_frame   0x000022c0       0x3c c:/program files (x86)/gnu tools arm embedded/4.7 2013q2/bin/../lib/gcc/arm-none-eabi/4.7.4/../../../../arm-none-eabi/lib/armv7-m\libg.a(lib_a-svfprintf.o)
 .debug_frame   0x000022fc       0x4c c:/program files (x86)/gnu tools arm embedded/4.7 2013q2/bin/../lib/gcc/arm-none-eabi/4.7.4/../../../../arm-none-eabi/lib/armv7-m\libg.a(lib_a-vsprintf.o)
 .debug_frame   0x00002348       0x50 c:/program files (x86)/gnu tools arm embedded/4.7 2013q2/bin/../lib/gcc/arm-none-eabi/4.7.4/../../../../arm-none-eabi/lib/armv7-m\libg.a(lib_a-vsscanf.o)
 .debug_frame   0x00002398       0x28 c:/program files (x86)/gnu tools arm embedded/4.7 2013q2/bin/../lib/gcc/arm-none-eabi/4.7.4/../../../../arm-none-eabi/lib/armv7-m\libg.a(lib_a-div.o)
 .debug_frame   0x000023c0       0x64 c:/program files (x86)/gnu tools arm embedded/4.7 2013q2/bin/../lib/gcc/arm-none-eabi/4.7.4/../../../../arm-none-eabi/lib/armv7-m\libg.a(lib_a-dtoa.o)
 .debug_frame   0x00002424       0x20 c:/program files (x86)/gnu tools arm embedded/4.7 2013q2/bin/../lib/gcc/arm-none-eabi/4.7.4/../../../../arm-none-eabi/lib/armv7-m\libg.a(lib_a-gettzinfo.o)
 .debug_frame   0x00002444       0xa0 c:/program files (x86)/gnu tools arm embedded/4.7 2013q2/bin/../lib/gcc/arm-none-eabi/4.7.4/../../../../arm-none-eabi/lib/armv7-m\libg.a(lib_a-locale.o)
 .debug_frame   0x000024e4       0x38 c:/program files (x86)/gnu tools arm embedded/4.7 2013q2/bin/../lib/gcc/arm-none-eabi/4.7.4/../../../../arm-none-eabi/lib/armv7-m\libg.a(lib_a-mallocr.o)
 .debug_frame   0x0000251c       0x2c c:/program files (x86)/gnu tools arm embedded/4.7 2013q2/bin/../lib/gcc/arm-none-eabi/4.7.4/../../../../arm-none-eabi/lib/armv7-m\libg.a(lib_a-memchr.o)
 .debug_frame   0x00002548       0x30 c:/program files (x86)/gnu tools arm embedded/4.7 2013q2/bin/../lib/gcc/arm-none-eabi/4.7.4/../../../../arm-none-eabi/lib/armv7-m\libg.a(lib_a-mlock.o)
 .debug_frame   0x00002578      0x238 c:/program files (x86)/gnu tools arm embedded/4.7 2013q2/bin/../lib/gcc/arm-none-eabi/4.7.4/../../../../arm-none-eabi/lib/armv7-m\libg.a(lib_a-mprec.o)
 .debug_frame   0x000027b0       0x20 c:/program files (x86)/gnu tools arm embedded/4.7 2013q2/bin/../lib/gcc/arm-none-eabi/4.7.4/../../../../arm-none-eabi/lib/armv7-m\libg.a(lib_a-s_fpclassify.o)
 .debug_frame   0x000027d0       0x2c c:/program files (x86)/gnu tools arm embedded/4.7 2013q2/bin/../lib/gcc/arm-none-eabi/4.7.4/../../../../arm-none-eabi/lib/armv7-m\libg.a(lib_a-sbrkr.o)